---
source: crates/teleprompt-cli/tests/dub_acceptance.rs
expression: manifest
---
{
  "audio": {
    "channels": 1,
    "format": "wav",
    "sample_rate": 48000
  },
  "beats": [
    {
      "adapter": "mock",
      "capture_key": "f140cbc021d4e4f61981330bcb79052f3c05f5d38380a0ed1dc5aa93a90f722c",
      "cue": "welcome-a#0",
      "cue_hash": "82eac5a9331060be2e38e3ec2634ed2b26ac4ba2ab3b63f37dd97755ba617ba6",
      "duration_ms": 400,
      "duration_source": "exact",
      "line": "welcome",
      "policy": "hold",
      "scene": "mock",
      "start_ms": 12500,
      "transition": {
        "duration_ms": 600,
        "kind": "crossfade"
      }
    },
    {
      "adapter": "mock",
      "capture_key": "d3ddd0d6c2b916dbded324b3435f15e9b99e2bc501becc254f6a3686e7d4ef64",
      "cue": "provenance-a#0",
      "cue_hash": "353cb4515fc9d725784d2d85031b31a779f873808b86fbca9e959b512fb9d878",
      "duration_ms": 1200,
      "duration_source": "exact",
      "line": "provenance",
      "policy": "concurrent",
      "scene": "mock",
      "start_ms": 12300,
      "transition": {
        "duration_ms": 150,
        "kind": "crossfade"
      }
    },
    {
      "adapter": "mock",
      "capture_key": "7bb8bfb47667e3e28dd2f039cc9ebc90bf07eeced5ceaba269ef0df64aa36f19",
      "cue": "provenance-a#1",
      "cue_hash": "c107090c1b3d9bcaa00d804187d9216ca73ff02371dca7a54a2d8d40fe0a497e",
      "duration_ms": 600,
      "duration_source": "exact",
      "line": null,
      "policy": "concurrent",
      "scene": "mock",
      "start_ms": 21200,
      "transition": {
        "duration_ms": 0,
        "kind": "crossfade"
      }
    },
    {
      "adapter": "mock",
      "capture_key": "3fe9b9eb32d741c4f45b8ca63a3499b81151ff1fb36f3b32300b2a5eee03be96",
      "cue": "deploy-a#0",
      "cue_hash": "119eafa3963016bb979bc7cf347a6ccd38aa4c5b7ee16421ae48781153dcf681",
      "duration_ms": 5200,
      "duration_source": "exact",
      "line": "deploy",
      "policy": "stretch-action",
      "scene": "mock",
      "start_ms": 21800,
      "transition": {
        "duration_ms": 0,
        "kind": "crossfade"
      }
    },
    {
      "adapter": "pause",
      "capture_key": "79c52ef482432f9f8fa76a1d5bad5e6944d469c4198efb315aed25aa5fef53ad",
      "cue": "pause-4",
      "cue_hash": "79c52ef482432f9f8fa76a1d5bad5e6944d469c4198efb315aed25aa5fef53ad",
      "duration_ms": 600,
      "duration_source": "exact",
      "line": null,
      "policy": "hold",
      "scene": "pause",
      "start_ms": 27000,
      "transition": {
        "duration_ms": 0,
        "kind": "crossfade"
      }
    },
    {
      "adapter": "mock",
      "capture_key": "dc747ced05311e2e81f73c3feb571152a4df67a8479e36b8d793c3e8eace08a1",
      "cue": "rollback-a#0",
      "cue_hash": "7b541004f9f17f61f51ca2e97dffaa77c69cff4ba93e5b4630ba4e220dfd83c4",
      "duration_ms": 3000,
      "duration_source": "exact",
      "line": "rollback",
      "policy": "trim-action",
      "scene": "mock",
      "start_ms": 27600,
      "transition": {
        "duration_ms": 0,
        "kind": "crossfade"
      }
    }
  ],
  "chapters": [
    {
      "id": "introduction",
      "start_ms": 150,
      "title": "Introduction"
    },
    {
      "id": "deploying",
      "start_ms": 21950,
      "title": "Deploying"
    }
  ],
  "duration_ms": 34800,
  "generated_by": "teleprompt 0.1.0",
  "lines": [
    {
      "audio": "audio/welcome.wav",
      "audio_hash": "dbe7246bceb14adccedcb048514bbf7e9bf995adaeeeec339731ff8de2aef025",
      "chapter": "introduction",
      "downgrade_reason": null,
      "duration_ms": 12200,
      "duration_source": "measured",
      "id": "welcome",
      "source_hash": "876ebe63cc761f4d46d15c4b4aae02bbfca440fea592b67e207978dc25c7f9c7",
      "start_ms": 150,
      "text": "Welcome to Acme. In the next two minutes I will show you how to get a project running, deploy it, and roll it back when something goes wrong.",
      "voice_source": "synthetic",
      "voice_source_actual": "synthetic"
    },
    {
      "audio": "audio/provenance.wav",
      "audio_hash": "24dcf3e4b498be4635d6f953e27438ec72be0fd8a3ec09f8d88705c7e49ad9b1",
      "chapter": "introduction",
      "downgrade_reason": null,
      "duration_ms": 8750,
      "duration_source": "measured",
      "id": "provenance",
      "source_hash": "4b380a79f5acfff997d3b61abf110c87862f8d41315cba07e67647d7ccb903a7",
      "start_ms": 12450,
      "text": "Everything you see here is generated from a single Markdown file that lives in version control alongside the code it documents.",
      "voice_source": "synthetic",
      "voice_source_actual": "synthetic"
    },
    {
      "audio": "audio/deploy.wav",
      "audio_hash": "df3c78b1e4c583118fd965a1dd1554d9c450e27e4e4f831218f076b01c0cce66",
      "chapter": "deploying",
      "downgrade_reason": null,
      "duration_ms": 4900,
      "duration_source": "measured",
      "id": "deploy",
      "source_hash": "07ddd90d4a5f4916a13439a5f2c0ad63b600da4d033bd8aa227e944fd23db8dd",
      "start_ms": 21950,
      "text": "Deployment is one command, and it streams progress as it goes.",
      "voice_source": "synthetic",
      "voice_source_actual": "synthetic"
    },
    {
      "audio": "audio/rollback.wav",
      "audio_hash": "5792270852a847043c21ed9f704aec5f3fcad6df026897cd5864cb201bfca5da",
      "chapter": "deploying",
      "downgrade_reason": null,
      "duration_ms": 6900,
      "duration_source": "measured",
      "id": "rollback",
      "source_hash": "79bc51f2693074a0f8dd859de940da9df1568293ffeb82e76dc5a15da225de3b",
      "start_ms": 27750,
      "text": "If a deploy goes wrong, rolling back takes the same single command with one extra flag.",
      "voice_source": "synthetic",
      "voice_source_actual": "synthetic"
    }
  ],
  "locale": "en",
  "manifest_version": 2,
  "script": "test.md"
}
