---
source: crates/teleprompt-cli/tests/golden.rs
expression: "json!({ \"run\": transcript(&out), \"manifest\": manifest })"
---
{
  "manifest": {
    "audio": {
      "channels": 1,
      "format": "wav",
      "sample_rate": 48000
    },
    "chapters": [
      {
        "id": "the-manual-is-the-program",
        "start_ms": 150,
        "title": "The manual is the program"
      },
      {
        "id": "starting-a-project",
        "start_ms": 95390,
        "title": "Starting a project"
      },
      {
        "id": "reading-a-script",
        "start_ms": 123120,
        "title": "Reading a script"
      },
      {
        "id": "compiling-the-timeline",
        "start_ms": 157110,
        "title": "Compiling the timeline"
      },
      {
        "id": "the-feedback-loop",
        "start_ms": 213740,
        "title": "The feedback loop"
      },
      {
        "id": "narration",
        "start_ms": 262600,
        "title": "Narration"
      },
      {
        "id": "keeping-a-pull-request-honest",
        "start_ms": 316665,
        "title": "Keeping a pull request honest"
      },
      {
        "id": "when-something-is-wrong",
        "start_ms": 335355,
        "title": "When something is wrong"
      }
    ],
    "duration_ms": 402535,
    "generated_by": "teleprompt 0.1.0",
    "lines": [
      {
        "audio": "audio/welcome.wav",
        "audio_hash": "90703792f347bb6c6ec6c8d77ec47e80f0387a49c1948e9ae28b00bf6a04d0a3",
        "chapter": "the-manual-is-the-program",
        "downgrade_reason": null,
        "duration_ms": 20350,
        "duration_source": "measured",
        "id": "welcome",
        "source_hash": "f54014b34f3eaa68f187d54878f7b7cef0fab48015a966239f5029505844d365",
        "start_ms": 150,
        "text": "This is teleprompt's command-line manual, and it is compiled by the tool it documents. Every sentence you are hearing is a paragraph of Markdown in one file, and every command you watch run is a tape in that same file, a few lines below the sentence about it.",
        "voice_source": "synthetic",
        "voice_source_actual": "synthetic"
      },
      {
        "audio": "audio/prose-and-action.wav",
        "audio_hash": "9b17f18ce09bfe4e03bbee475b38b6aaff8dec267dcca86774c6a31c515d2dd8",
        "chapter": "the-manual-is-the-program",
        "downgrade_reason": null,
        "duration_ms": 18700,
        "duration_source": "measured",
        "id": "prose-and-action",
        "source_hash": "8c0fae6521383a3cbaa5be7cabe673ff9b66033ee817571cd13fcda6d555ed5e",
        "start_ms": 22830,
        "text": "That is the whole idea. Prose is narration, fenced blocks are what the screen does, and the length of the speech decides how long the picture holds. Rewrite this paragraph and the terminal below it waits longer, because it is waiting for me.",
        "voice_source": "synthetic",
        "voice_source_actual": "synthetic"
      },
      {
        "audio": "audio/vhs.wav",
        "audio_hash": "6f0edf785fa6418340532ede124ccc3ba53fc5ed0703efed1a8d8b9d4984187c",
        "chapter": "the-manual-is-the-program",
        "downgrade_reason": null,
        "duration_ms": 25450,
        "duration_source": "measured",
        "id": "vhs",
        "source_hash": "835be9fff588bed3e4bcdd1495c7626059916626887a2489da1c80ee6782ac37",
        "start_ms": 41530,
        "text": "The terminal you are looking at is a VHS tape — Charm's recording format, borrowed whole. teleprompt does not render it. It rewrites the tape's timings so that every span lasts exactly as long as the sentence over it, and hands that tape to VHS. Waiting for narration is a number in the input, not a renderer of our own.",
        "voice_source": "synthetic",
        "voice_source_actual": "synthetic"
      },
      {
        "audio": "audio/the-mark.wav",
        "audio_hash": "4a4faac76459cfaa1985a49811b3895aff7358dfd1f324b2586e38ee69f63851",
        "chapter": "the-manual-is-the-program",
        "downgrade_reason": null,
        "duration_ms": 23550,
        "duration_source": "measured",
        "id": "the-mark",
        "source_hash": "a1ce4bf7da55b5d6319b65cde046dedb96e6721876c09b89d35173138ad0fb94",
        "start_ms": 71840,
        "text": "Where one paragraph hands over to the next, a tape carries a mark, and the mark is spelled as a comment. VHS ignores it, so the file stays a tape VHS itself will run — which is the whole reason to keep a demo in a real tape file rather than in a dialect only teleprompt reads.",
        "voice_source": "synthetic",
        "voice_source_actual": "synthetic"
      },
      {
        "audio": "audio/new.wav",
        "audio_hash": "7a13b4e9b3385bf54b4fe662a3e8f2067edacdfdbbcbbac310270d4dde5bbc36",
        "chapter": "starting-a-project",
        "downgrade_reason": null,
        "duration_ms": 10100,
        "duration_source": "measured",
        "id": "new",
        "source_hash": "fba819b836ef36d72d10e33839c7379cd2538411516635009c74cf26bba1f11c",
        "start_ms": 95390,
        "text": "teleprompt new scaffolds one: a configuration file, a scripts directory, and a timelines directory for the compiled output you commit alongside the prose.",
        "voice_source": "synthetic",
        "voice_source_actual": "synthetic"
      },
      {
        "audio": "audio/scaffold.wav",
        "audio_hash": "f44fc5cb53b6cc10a81b8d56cd72fa0f4829efa218da63d271ce366c361542a3",
        "chapter": "starting-a-project",
        "downgrade_reason": null,
        "duration_ms": 14850,
        "duration_source": "measured",
        "id": "scaffold",
        "source_hash": "05547812693038698000d3652eb6525178395cd45653652f540a891ffefe23bb",
        "start_ms": 108270,
        "text": "The demo script it leaves behind is two paragraphs and two action blocks — small enough to read in one breath, and complete enough to compile. Nothing else has to be installed for it to work.",
        "voice_source": "synthetic",
        "voice_source_actual": "synthetic"
      },
      {
        "audio": "audio/check.wav",
        "audio_hash": "0e598c8403d2b4b263f35d72f3de87f063828bb12297b9b245597c9d2f06db03",
        "chapter": "reading-a-script",
        "downgrade_reason": null,
        "duration_ms": 13700,
        "duration_source": "measured",
        "id": "check",
        "source_hash": "cecee378feb6298e3d781b67e35ca34b02bcc788b041f1e55532bb9fef146498",
        "start_ms": 123120,
        "text": "teleprompt check parses and validates, and does nothing else. No synthesis, no network, no files written — so it costs nothing to run it on every keystroke, and plenty of editors will.",
        "voice_source": "synthetic",
        "voice_source_actual": "synthetic"
      },
      {
        "audio": "audio/diagnostics.wav",
        "audio_hash": "a15a969bf725f0ae3837b55b1dd114b1c85407982aa77c1c5f3a9fbbf6eaf9ec",
        "chapter": "reading-a-script",
        "downgrade_reason": null,
        "duration_ms": 18350,
        "duration_source": "measured",
        "id": "diagnostics",
        "source_hash": "b184776827cb654d17aff1c57226b3edb5aa671a6f82446c7293e68ba3b89010",
        "start_ms": 138460,
        "text": "When it does have something to say, it says where. A mistyped policy, a duration that is not a duration, a tape directive teleprompt cannot run: each is reported at the line that carries it, with the spelling it should have had.",
        "voice_source": "synthetic",
        "voice_source_actual": "synthetic"
      },
      {
        "audio": "audio/plan.wav",
        "audio_hash": "2cbd66f312889e17dd09eb4b9b50313f2bb01259e1e4bcb49a1658a311770bf9",
        "chapter": "compiling-the-timeline",
        "downgrade_reason": null,
        "duration_ms": 12100,
        "duration_source": "measured",
        "id": "plan",
        "source_hash": "dc7c09885d41077ae061dad52271894a0b1cf8003aca52dec3d9c87aaf410ac8",
        "start_ms": 157110,
        "text": "teleprompt plan compiles the script into a timeline and prints one line per beat: when it starts, which pacing policy governs it, and how long its narration runs.",
        "voice_source": "synthetic",
        "voice_source_actual": "synthetic"
      },
      {
        "audio": "audio/estimated-vs-measured.wav",
        "audio_hash": "d1be2a9ca2719f3e7753db86cc9e3429dd4688165990aa3a30796f55a35c3529",
        "chapter": "compiling-the-timeline",
        "downgrade_reason": null,
        "duration_ms": 17800,
        "duration_source": "measured",
        "id": "estimated-vs-measured",
        "source_hash": "6179a9d524bc38103ba4e1ae572cc937eddd2381edf7b2b2eaf88d637fbb3b19",
        "start_ms": 172520,
        "text": "Those durations come from the cache when a segment has been synthesized before, and from a word-count estimate when it has not. Plan never synthesizes anything, which is why it answers instantly on a laptop with no voice backend anywhere near it.",
        "voice_source": "synthetic",
        "voice_source_actual": "synthetic"
      },
      {
        "audio": "audio/exact-actions.wav",
        "audio_hash": "216c35e7b47a3ac3c8ee6e7ef97a5bd8cbb57e53f57be88aa5b854304be674c8",
        "chapter": "compiling-the-timeline",
        "downgrade_reason": null,
        "duration_ms": 19650,
        "duration_source": "measured",
        "id": "exact-actions",
        "source_hash": "0a50066637ace87d626f122477a82f77461b5a2ff9486e1e2dc56feb7eeb4e5d",
        "start_ms": 190320,
        "text": "An action block's duration is different: a tape states its own timing. Every sleep is written down and every keystroke has a speed, so teleprompt adds them up rather than guessing, and never has to run the terminal to find out how long the terminal takes.",
        "voice_source": "synthetic",
        "voice_source_actual": "synthetic"
      },
      {
        "audio": "audio/commit-the-timeline.wav",
        "audio_hash": "f1b881b9dc0b3955f0612a4fbb5bad1034a3b303e1d96df4ff56dd81f2753f3e",
        "chapter": "the-feedback-loop",
        "downgrade_reason": null,
        "duration_ms": 11250,
        "duration_source": "measured",
        "id": "commit-the-timeline",
        "source_hash": "017f3b4301ce31ebf2d45624825cc148f9c217ca1d365bd448f35e0e66c21908",
        "start_ms": 213740,
        "text": "Commit the timeline that plan produced, and teleprompt diff will compare the next compile against it. This is the loop the whole tool is built around.",
        "voice_source": "synthetic",
        "voice_source_actual": "synthetic"
      },
      {
        "audio": "audio/edit-the-prose.wav",
        "audio_hash": "bd44f417aa1224ab3efbf8d9cc97b0aa9fd4afe0c68f0bb0b933392326e014e8",
        "chapter": "the-feedback-loop",
        "downgrade_reason": null,
        "duration_ms": 11350,
        "duration_source": "measured",
        "id": "edit-the-prose",
        "source_hash": "b8225b2ea56236c4a97c8c520bc1f15ef5bb58cd59b4f70e69584f36c9a07364",
        "start_ms": 224990,
        "text": "Now edit a paragraph. Not the code, not the tape — the prose. A longer sentence takes longer to say, and everything scheduled after it moves.",
        "voice_source": "synthetic",
        "voice_source_actual": "synthetic"
      },
      {
        "audio": "audio/the-diff.wav",
        "audio_hash": "a1d22663d9a589ce802eca371097d9aa9a29155b9c68e4663825fc7f9536675f",
        "chapter": "the-feedback-loop",
        "downgrade_reason": null,
        "duration_ms": 22150,
        "duration_source": "measured",
        "id": "the-diff",
        "source_hash": "155bf8a6fa8538a195f947dc418d8c523a0ad88e90b66f3fbef761a28db397bd",
        "start_ms": 236640,
        "text": "And diff tells you exactly how much, before anything is rendered: which beats moved, by how long, and what the video now runs to end to end. That report is the review surface. It is what a pull request argues about instead of arguing about a video file nobody can read.",
        "voice_source": "synthetic",
        "voice_source_actual": "synthetic"
      },
      {
        "audio": "audio/dub.wav",
        "audio_hash": "9e16f66e25dd25d73133d40b1601e35a330676fa81e3a7b5326ef1ed8ef651bb",
        "chapter": "narration",
        "downgrade_reason": null,
        "duration_ms": 16250,
        "duration_source": "measured",
        "id": "dub",
        "source_hash": "c5ba8ef84fe0522e31e899df703928af1fa682134f40c221ca43e73281e1e94b",
        "start_ms": 262600,
        "text": "teleprompt dub is the command that actually speaks. It synthesizes every segment, writes the audio, and publishes a manifest: one entry per segment, with its prose, its offset, its length, and the voice that produced it.",
        "voice_source": "synthetic",
        "voice_source_actual": "synthetic"
      },
      {
        "audio": "audio/manifest.wav",
        "audio_hash": "e88bf4438acaf402e960532c4d8791bda4f97fc23e44be7694c0012f17fc1bba",
        "chapter": "narration",
        "downgrade_reason": null,
        "duration_ms": 20000,
        "duration_source": "measured",
        "id": "manifest",
        "source_hash": "7e8bcf3c65c5232ee03750905d100c83c068d25a43001ac591e3b930341eebb5",
        "start_ms": 280890,
        "text": "teleprompt renders no video. Something else owns the picture — Remotion, a web player, your own compositor — and it reads the manifest. Deriving its length from the manifest is what keeps the central property alive on the other side of that boundary: narration still drives the pacing.",
        "voice_source": "synthetic",
        "voice_source_actual": "synthetic"
      },
      {
        "audio": "audio/measured.wav",
        "audio_hash": "3ad0368269eaa4d52315afc0e852729436cd6a6388ab2a32a05b833adc90ae9d",
        "chapter": "narration",
        "downgrade_reason": null,
        "duration_ms": 12600,
        "duration_source": "measured",
        "id": "measured",
        "source_hash": "3489162f02032ebddb265205d4633c0a6badc003cb861cabac57bd538515634c",
        "start_ms": 304065,
        "text": "Having spoken the script once, teleprompt has also measured it. The same plan is still instant, and now every duration in it is a recording rather than an estimate.",
        "voice_source": "synthetic",
        "voice_source_actual": "synthetic"
      },
      {
        "audio": "audio/dub-check.wav",
        "audio_hash": "9fbfd82a85d1cd3148413423a137214aa5f013f95051c714d3bcd617542a0baa",
        "chapter": "keeping-a-pull-request-honest",
        "downgrade_reason": null,
        "duration_ms": 16300,
        "duration_source": "measured",
        "id": "dub-check",
        "source_hash": "604e43e0b775fecd6d9eb27692b7fcb7ba272409edf84969119226f0de2e9041",
        "start_ms": 316665,
        "text": "dub --check compares the committed manifest against the script and exits three when they disagree. Put that in continuous integration and a change to the prose can no longer be merged with last week's narration still attached to it.",
        "voice_source": "synthetic",
        "voice_source_actual": "synthetic"
      },
      {
        "audio": "audio/doctor.wav",
        "audio_hash": "83fa41c9e924e8d3218e28e34c7aac3f45904b1539b4af6c75a91a09e81782c7",
        "chapter": "when-something-is-wrong",
        "downgrade_reason": null,
        "duration_ms": 14650,
        "duration_source": "measured",
        "id": "doctor",
        "source_hash": "dcae1d3d596b2f99eb44f0bb2f3efb24a5e92c5c86145c986c6e911eb9565db7",
        "start_ms": 335355,
        "text": "teleprompt doctor reports the environment teleprompt can see: which scene adapters this build ships, which voice backends it knows, how warm the cache is, and whether the server your project points at is answering.",
        "voice_source": "synthetic",
        "voice_source_actual": "synthetic"
      },
      {
        "audio": "audio/offline-by-default.wav",
        "audio_hash": "ddf9944d89dd63ab080925ab7f61c5ca31e65ef15e80a1246ae8525bb59fa19d",
        "chapter": "when-something-is-wrong",
        "downgrade_reason": null,
        "duration_ms": 25750,
        "duration_source": "measured",
        "id": "offline-by-default",
        "source_hash": "c1ab97043b5c4045ad86d9a5db173846301ff7c271495263a02b2aef2111b39f",
        "start_ms": 353335,
        "text": "A voice backend that is down is a warning there, not a failure. check, plan, and diff never needed it; only dub does. That asymmetry is the point: the loop you run a hundred times a day stays offline and instant, and the one command that needs a machine to speak is the only one that asks for it.",
        "voice_source": "synthetic",
        "voice_source_actual": "synthetic"
      },
      {
        "audio": "audio/self-hosting.wav",
        "audio_hash": "20948c7351aafa1eb439f91888caa8307bf3ff9dfbf4beea2dfda3c299d99c4f",
        "chapter": "when-something-is-wrong",
        "downgrade_reason": null,
        "duration_ms": 23300,
        "duration_source": "measured",
        "id": "self-hosting",
        "source_hash": "8c320a9539bc31e47610d30514273c25c6ded8eb25377b25adadcc0fc75d9eba",
        "start_ms": 379085,
        "text": "This manual compiles in the repository that builds the tool, and CI compares it against its committed timeline on every change. When a command grows a flag, the sentence about it and the tape demonstrating it are in the same file, in version control, and the build says so when they fall out of step.",
        "voice_source": "synthetic",
        "voice_source_actual": "synthetic"
      }
    ],
    "locale": "en",
    "manifest_version": 2,
    "script": "cli.md",
    "shots": [
      {
        "adapter": "vhs",
        "capture_key": "cc98e507042e3a18b32e52923a40d32b59b2f18345f2b1fda3bd5e451435c484",
        "duration_ms": 2630,
        "duration_source": "exact",
        "line": "welcome",
        "policy": "hold",
        "scene": "terminal",
        "shot": "welcome-a#0",
        "shot_hash": "c590e04a8aa99440733a0ad195e0f6c4e281e62c2e82bd16a9880fd52fb83ad4",
        "start_ms": 20650,
        "transition": {
          "duration_ms": 600,
          "kind": "crossfade"
        }
      },
      {
        "adapter": "vhs",
        "capture_key": "e38b02cba478e0897fd6ac51e5e4960f4256dae5a3f84fd7aa15e25d5041e4c6",
        "duration_ms": 2365,
        "duration_source": "exact",
        "line": "prose-and-action",
        "policy": "concurrent",
        "scene": "terminal",
        "shot": "prose-and-action-a#0",
        "shot_hash": "f92e17fc935b44cceaedb00e6521d058837b6a9d5212c517a83c436d2de7e809",
        "start_ms": 22680,
        "transition": {
          "duration_ms": 300,
          "kind": "crossfade"
        }
      },
      {
        "adapter": "vhs",
        "capture_key": "12a9cf14e5785e03537d3d9c1a226d7894e296e87411edb5fc1b29bcf6f37444",
        "duration_ms": 5160,
        "duration_source": "exact",
        "line": "vhs",
        "policy": "hold",
        "scene": "terminal",
        "shot": "vhs-a#0",
        "shot_hash": "b63a9c7181bcd72e8366b281d96983c70eeabba30f645b20ee764f4cb7a4216f",
        "start_ms": 67130,
        "transition": {
          "duration_ms": 600,
          "kind": "crossfade"
        }
      },
      {
        "adapter": "vhs",
        "capture_key": "ac8ea3dd90a839d3fd41c8bc7fce613c871ca2ecc17975effa49b5781e9282cb",
        "duration_ms": 1620,
        "duration_source": "exact",
        "line": "the-mark",
        "policy": "concurrent",
        "scene": "terminal",
        "shot": "the-mark-a#0",
        "shot_hash": "52580d2de20767021e7a613bea91f859546e75c446e49d37addcab00dcf29606",
        "start_ms": 71690,
        "transition": {
          "duration_ms": 300,
          "kind": "crossfade"
        }
      },
      {
        "adapter": "vhs",
        "capture_key": "73e2737dd2b4ec3ccd616cb965cbe173d0ab3da1438eeb94358bfe7dffbd6106",
        "duration_ms": 1600,
        "duration_source": "exact",
        "line": "new",
        "policy": "hold",
        "scene": "terminal",
        "shot": "new-a#0",
        "shot_hash": "7d53e075d547893fad969c116a389ae873d279c85ffc38e806065970352c436d",
        "start_ms": 105640,
        "transition": {
          "duration_ms": 600,
          "kind": "crossfade"
        }
      },
      {
        "adapter": "vhs",
        "capture_key": "9188c12109e586d43e5b921fbcf99b6b33a0f0436687d6470bf623e916a2ed4d",
        "duration_ms": 1480,
        "duration_source": "exact",
        "line": null,
        "policy": "hold",
        "scene": "terminal",
        "shot": "new-a#1",
        "shot_hash": "5041686bca8a6833c8968945b67960860418fca9019a9ef1d40124a035d94c69",
        "start_ms": 106640,
        "transition": {
          "duration_ms": 0,
          "kind": "crossfade"
        }
      },
      {
        "adapter": "vhs",
        "capture_key": "25ff1b523c4a3fc3949315633fe65af8f335d2438a30ec2339a7d7d0ceeb8f01",
        "duration_ms": 2625,
        "duration_source": "exact",
        "line": "scaffold",
        "policy": "concurrent",
        "scene": "terminal",
        "shot": "scaffold-a#0",
        "shot_hash": "31177f0f13f9168d5b1e708e3dbdddb25d9b51f5ee4afe33829219c702c7fa05",
        "start_ms": 108120,
        "transition": {
          "duration_ms": 300,
          "kind": "crossfade"
        }
      },
      {
        "adapter": "vhs",
        "capture_key": "a3a4045cc026cb4f12eb859ae366baaba245f6f45953b6aa511b90529bed7b66",
        "duration_ms": 1940,
        "duration_source": "exact",
        "line": "check",
        "policy": "hold",
        "scene": "terminal",
        "shot": "check-a#0",
        "shot_hash": "8bc04e8ed57bdeff01469d1052f80257d7e6c772cd2c870ade8cf18230f3fe84",
        "start_ms": 136970,
        "transition": {
          "duration_ms": 600,
          "kind": "crossfade"
        }
      },
      {
        "adapter": "vhs",
        "capture_key": "d94e2a7b96ac8ec5bf02df65b3d54babe2643b71f32706c4dee0f7cc64123c05",
        "duration_ms": 18650,
        "duration_source": "exact",
        "line": "diagnostics",
        "policy": "stretch-action",
        "scene": "terminal",
        "shot": "diagnostics-a#0",
        "shot_hash": "9960eee1b439a5c8d2105b1d57749c24c0b185bb5ea4b78c63373ac03f7960f3",
        "start_ms": 138310,
        "transition": {
          "duration_ms": 0,
          "kind": "crossfade"
        }
      },
      {
        "adapter": "vhs",
        "capture_key": "21d83599fb13b91058135763ce0ece203060447d1d83cf8f3f64c80c16445eca",
        "duration_ms": 3610,
        "duration_source": "exact",
        "line": "plan",
        "policy": "hold",
        "scene": "terminal",
        "shot": "plan-a#0",
        "shot_hash": "98e78984d06ed1979aed4cabaeda03c3d37ec5be77bf664c97e5c7e36fc06b7e",
        "start_ms": 169360,
        "transition": {
          "duration_ms": 600,
          "kind": "crossfade"
        }
      },
      {
        "adapter": "vhs",
        "capture_key": "c8af8e535152ad40ad5d960d4c181294bb9ff3761ecaee32b4d29cd27eff42be",
        "duration_ms": 3650,
        "duration_source": "exact",
        "line": "estimated-vs-measured",
        "policy": "concurrent",
        "scene": "terminal",
        "shot": "estimated-vs-measured-a#0",
        "shot_hash": "9a7a1c63d5321f597b91df6bace8586f8c81e9c068ef6f43e127fe74836aad6c",
        "start_ms": 172370,
        "transition": {
          "duration_ms": 300,
          "kind": "crossfade"
        }
      },
      {
        "adapter": "vhs",
        "capture_key": "b4907b8480e6ff922f877c48e00513be52fcca7e70624b3955d34428199b7565",
        "duration_ms": 4070,
        "duration_source": "exact",
        "line": "exact-actions",
        "policy": "hold",
        "scene": "terminal",
        "shot": "exact-actions-a#0",
        "shot_hash": "9ac50a40998b79f78a5b85c3ea585e48756b4e53f347f1f94f39c08706281c21",
        "start_ms": 210120,
        "transition": {
          "duration_ms": 600,
          "kind": "crossfade"
        }
      },
      {
        "adapter": "vhs",
        "capture_key": "4c010d2e696188df591a6f7f59d02e7f5bc3fa2f9d5abc2827ca2882d157ea85",
        "duration_ms": 2625,
        "duration_source": "exact",
        "line": "commit-the-timeline",
        "policy": "concurrent",
        "scene": "terminal",
        "shot": "commit-the-timeline-a#0",
        "shot_hash": "6325dbe2fa3a82d66f96b32cc26f66a2495c9a35d03daaada8632998db0c5d12",
        "start_ms": 213590,
        "transition": {
          "duration_ms": 300,
          "kind": "crossfade"
        }
      },
      {
        "adapter": "vhs",
        "capture_key": "11c19eca948d9005a44beb28e4e937a28a2398ec4f54deb9353fff16f508d0a7",
        "duration_ms": 11650,
        "duration_source": "exact",
        "line": "edit-the-prose",
        "policy": "stretch-action",
        "scene": "terminal",
        "shot": "edit-the-prose-a#0",
        "shot_hash": "8b00e97f5b8fdeee36d3ae84ee42c3977599ef3c394c7b1fb0cc45674568dd62",
        "start_ms": 224840,
        "transition": {
          "duration_ms": 0,
          "kind": "crossfade"
        }
      },
      {
        "adapter": "vhs",
        "capture_key": "396c373b75e3b652ff164a7cecaf0dc8a32c9ce131a3d7809c6551ffee5a01e6",
        "duration_ms": 4110,
        "duration_source": "exact",
        "line": "the-diff",
        "policy": "hold",
        "scene": "terminal",
        "shot": "the-diff-a#0",
        "shot_hash": "f01cf6d28aa459a5eed1e15f3b3d23d886b5dff5dc52811bd6dc5c7520c9705d",
        "start_ms": 258940,
        "transition": {
          "duration_ms": 600,
          "kind": "crossfade"
        }
      },
      {
        "adapter": "vhs",
        "capture_key": "fd7c01cfb5e1fac405e1d18de13e450ad6d600083e33ffbf4eced7096f281cca",
        "duration_ms": 4770,
        "duration_source": "exact",
        "line": "dub",
        "policy": "concurrent",
        "scene": "terminal",
        "shot": "dub-a#0",
        "shot_hash": "6f6e47df7942bc323d65ede1e2798867fee93b6d95b1d2e184d6a257d4fbe052",
        "start_ms": 262450,
        "transition": {
          "duration_ms": 150,
          "kind": "crossfade"
        }
      },
      {
        "adapter": "vhs",
        "capture_key": "e60138053832cb9a28d290a5d833e8bd0ea2deb4f174414495bfc9e63693d165",
        "duration_ms": 1890,
        "duration_source": "exact",
        "line": null,
        "policy": "concurrent",
        "scene": "terminal",
        "shot": "dub-a#1",
        "shot_hash": "e2c37062e75bace482bf9c186575565e01940a68482d6af48931679ce9faeecc",
        "start_ms": 278850,
        "transition": {
          "duration_ms": 0,
          "kind": "crossfade"
        }
      },
      {
        "adapter": "vhs",
        "capture_key": "8572acf9c8ff390846971fd07a475bf1775daaa7ea372ec3f4725904664bbce5",
        "duration_ms": 3475,
        "duration_source": "exact",
        "line": "manifest",
        "policy": "hold",
        "scene": "terminal",
        "shot": "manifest-a#0",
        "shot_hash": "e5b2ded9e87f5dc2ad3f3c31348be93ce7d6e784bf75442b90e0ade7be7f2324",
        "start_ms": 301040,
        "transition": {
          "duration_ms": 600,
          "kind": "crossfade"
        }
      },
      {
        "adapter": "vhs",
        "capture_key": "f33d63f2988b66b8f7cc5233c8a02b8f3cccafe7e7be41b2acdada4572cf7a3a",
        "duration_ms": 3350,
        "duration_source": "exact",
        "line": "measured",
        "policy": "concurrent",
        "scene": "terminal",
        "shot": "measured-a#0",
        "shot_hash": "f6212eda87d51253dd63dc30fb35cfd39074f1301f6afbb6cbd5d731d2020392",
        "start_ms": 303915,
        "transition": {
          "duration_ms": 300,
          "kind": "crossfade"
        }
      },
      {
        "adapter": "vhs",
        "capture_key": "04a0208e4cd08650bfdba12da2856df4142896dc83454786ff93744221f202ab",
        "duration_ms": 4010,
        "duration_source": "exact",
        "line": "dub-check",
        "policy": "trim-action",
        "scene": "terminal",
        "shot": "dub-check-a#0",
        "shot_hash": "0a88697a4e773e9843f823fa7654388d632325fc859588af0422845e78baed90",
        "start_ms": 316515,
        "transition": {
          "duration_ms": 150,
          "kind": "crossfade"
        }
      },
      {
        "adapter": "vhs",
        "capture_key": "b4bfe148e585645886c7cf196d7cebe8100b9fde57a2fe5454c58cf775ba215d",
        "duration_ms": 1740,
        "duration_source": "exact",
        "line": null,
        "policy": "trim-action",
        "scene": "terminal",
        "shot": "dub-check-a#1",
        "shot_hash": "22f73a7b07e11a4b7a1d848207613dff8492e3e7dd79f7a6a327de83bd44192f",
        "start_ms": 332965,
        "transition": {
          "duration_ms": 0,
          "kind": "crossfade"
        }
      },
      {
        "adapter": "pause",
        "capture_key": "76a7936849405a972db0416bbe56ca0b117ddeea82e1dfe0ea78afc46c02e5e4",
        "duration_ms": 500,
        "duration_source": "exact",
        "line": null,
        "policy": "hold",
        "scene": "pause",
        "shot": "pause-21",
        "shot_hash": "76a7936849405a972db0416bbe56ca0b117ddeea82e1dfe0ea78afc46c02e5e4",
        "start_ms": 334705,
        "transition": {
          "duration_ms": 0,
          "kind": "crossfade"
        }
      },
      {
        "adapter": "vhs",
        "capture_key": "158ff4080b11b27778a28d81dd11c68d8a165eba89942c82baf9d4957dc0c515",
        "duration_ms": 3630,
        "duration_source": "exact",
        "line": "doctor",
        "policy": "hold",
        "scene": "terminal",
        "shot": "doctor-a#0",
        "shot_hash": "bfd66b4b5ac82854237d404b5479d6b12c582bc91cb378e92513f394f9c4f40d",
        "start_ms": 350155,
        "transition": {
          "duration_ms": 600,
          "kind": "crossfade"
        }
      },
      {
        "adapter": "vhs",
        "capture_key": "f91b82dec1b8641f17c0f714b550157f195f1ff6ec2af23f01529bee0f549a9b",
        "duration_ms": 3650,
        "duration_source": "exact",
        "line": "offline-by-default",
        "policy": "concurrent",
        "scene": "terminal",
        "shot": "offline-by-default-a#0",
        "shot_hash": "801922a400fc7791486b938d3ac9bb93b4008cc25f231ec6138f1ce37cb54c96",
        "start_ms": 353185,
        "transition": {
          "duration_ms": 300,
          "kind": "crossfade"
        }
      },
      {
        "adapter": "vhs",
        "capture_key": "0c62f39b0df3826834642e7596384aea8302a18bc5d85250bae3b243371cd884",
        "duration_ms": 3140,
        "duration_source": "exact",
        "line": "self-hosting",
        "policy": "concurrent",
        "scene": "terminal",
        "shot": "self-hosting-a#0",
        "shot_hash": "b2e4f69fedad7dbbba1307798c465eeb3e79c1567282a0d559448be1e4f6f9c0",
        "start_ms": 378935,
        "transition": {
          "duration_ms": 0,
          "kind": "crossfade"
        }
      }
    ]
  },
  "run": {
    "exit": 0,
    "stderr": [
      "  [1/21] welcome done",
      "  [2/21] prose-and-action done",
      "  [3/21] vhs done",
      "  [4/21] the-mark done",
      "  [5/21] new done",
      "  [6/21] scaffold done",
      "  [7/21] check done",
      "  [8/21] diagnostics done",
      "  [9/21] plan done",
      "  [10/21] estimated-vs-measured done",
      "  [11/21] exact-actions done",
      "  [12/21] commit-the-timeline done",
      "  [13/21] edit-the-prose done",
      "  [14/21] the-diff done",
      "  [15/21] dub done",
      "  [16/21] manifest done",
      "  [17/21] measured done",
      "  [18/21] dub-check done",
      "  [19/21] doctor done",
      "  [20/21] offline-by-default done",
      "  [21/21] self-hosting done"
    ],
    "stdout": {
      "audio": {
        "channels": 1,
        "format": "wav",
        "sample_rate": 48000
      },
      "chapters": [
        {
          "id": "the-manual-is-the-program",
          "start_ms": 150,
          "title": "The manual is the program"
        },
        {
          "id": "starting-a-project",
          "start_ms": 95390,
          "title": "Starting a project"
        },
        {
          "id": "reading-a-script",
          "start_ms": 123120,
          "title": "Reading a script"
        },
        {
          "id": "compiling-the-timeline",
          "start_ms": 157110,
          "title": "Compiling the timeline"
        },
        {
          "id": "the-feedback-loop",
          "start_ms": 213740,
          "title": "The feedback loop"
        },
        {
          "id": "narration",
          "start_ms": 262600,
          "title": "Narration"
        },
        {
          "id": "keeping-a-pull-request-honest",
          "start_ms": 316665,
          "title": "Keeping a pull request honest"
        },
        {
          "id": "when-something-is-wrong",
          "start_ms": 335355,
          "title": "When something is wrong"
        }
      ],
      "duration_ms": 402535,
      "generated_by": "teleprompt 0.1.0",
      "lines": [
        {
          "audio": "audio/welcome.wav",
          "audio_hash": "90703792f347bb6c6ec6c8d77ec47e80f0387a49c1948e9ae28b00bf6a04d0a3",
          "chapter": "the-manual-is-the-program",
          "downgrade_reason": null,
          "duration_ms": 20350,
          "duration_source": "measured",
          "id": "welcome",
          "source_hash": "f54014b34f3eaa68f187d54878f7b7cef0fab48015a966239f5029505844d365",
          "start_ms": 150,
          "text": "This is teleprompt's command-line manual, and it is compiled by the tool it documents. Every sentence you are hearing is a paragraph of Markdown in one file, and every command you watch run is a tape in that same file, a few lines below the sentence about it.",
          "voice_source": "synthetic",
          "voice_source_actual": "synthetic"
        },
        {
          "audio": "audio/prose-and-action.wav",
          "audio_hash": "9b17f18ce09bfe4e03bbee475b38b6aaff8dec267dcca86774c6a31c515d2dd8",
          "chapter": "the-manual-is-the-program",
          "downgrade_reason": null,
          "duration_ms": 18700,
          "duration_source": "measured",
          "id": "prose-and-action",
          "source_hash": "8c0fae6521383a3cbaa5be7cabe673ff9b66033ee817571cd13fcda6d555ed5e",
          "start_ms": 22830,
          "text": "That is the whole idea. Prose is narration, fenced blocks are what the screen does, and the length of the speech decides how long the picture holds. Rewrite this paragraph and the terminal below it waits longer, because it is waiting for me.",
          "voice_source": "synthetic",
          "voice_source_actual": "synthetic"
        },
        {
          "audio": "audio/vhs.wav",
          "audio_hash": "6f0edf785fa6418340532ede124ccc3ba53fc5ed0703efed1a8d8b9d4984187c",
          "chapter": "the-manual-is-the-program",
          "downgrade_reason": null,
          "duration_ms": 25450,
          "duration_source": "measured",
          "id": "vhs",
          "source_hash": "835be9fff588bed3e4bcdd1495c7626059916626887a2489da1c80ee6782ac37",
          "start_ms": 41530,
          "text": "The terminal you are looking at is a VHS tape — Charm's recording format, borrowed whole. teleprompt does not render it. It rewrites the tape's timings so that every span lasts exactly as long as the sentence over it, and hands that tape to VHS. Waiting for narration is a number in the input, not a renderer of our own.",
          "voice_source": "synthetic",
          "voice_source_actual": "synthetic"
        },
        {
          "audio": "audio/the-mark.wav",
          "audio_hash": "4a4faac76459cfaa1985a49811b3895aff7358dfd1f324b2586e38ee69f63851",
          "chapter": "the-manual-is-the-program",
          "downgrade_reason": null,
          "duration_ms": 23550,
          "duration_source": "measured",
          "id": "the-mark",
          "source_hash": "a1ce4bf7da55b5d6319b65cde046dedb96e6721876c09b89d35173138ad0fb94",
          "start_ms": 71840,
          "text": "Where one paragraph hands over to the next, a tape carries a mark, and the mark is spelled as a comment. VHS ignores it, so the file stays a tape VHS itself will run — which is the whole reason to keep a demo in a real tape file rather than in a dialect only teleprompt reads.",
          "voice_source": "synthetic",
          "voice_source_actual": "synthetic"
        },
        {
          "audio": "audio/new.wav",
          "audio_hash": "7a13b4e9b3385bf54b4fe662a3e8f2067edacdfdbbcbbac310270d4dde5bbc36",
          "chapter": "starting-a-project",
          "downgrade_reason": null,
          "duration_ms": 10100,
          "duration_source": "measured",
          "id": "new",
          "source_hash": "fba819b836ef36d72d10e33839c7379cd2538411516635009c74cf26bba1f11c",
          "start_ms": 95390,
          "text": "teleprompt new scaffolds one: a configuration file, a scripts directory, and a timelines directory for the compiled output you commit alongside the prose.",
          "voice_source": "synthetic",
          "voice_source_actual": "synthetic"
        },
        {
          "audio": "audio/scaffold.wav",
          "audio_hash": "f44fc5cb53b6cc10a81b8d56cd72fa0f4829efa218da63d271ce366c361542a3",
          "chapter": "starting-a-project",
          "downgrade_reason": null,
          "duration_ms": 14850,
          "duration_source": "measured",
          "id": "scaffold",
          "source_hash": "05547812693038698000d3652eb6525178395cd45653652f540a891ffefe23bb",
          "start_ms": 108270,
          "text": "The demo script it leaves behind is two paragraphs and two action blocks — small enough to read in one breath, and complete enough to compile. Nothing else has to be installed for it to work.",
          "voice_source": "synthetic",
          "voice_source_actual": "synthetic"
        },
        {
          "audio": "audio/check.wav",
          "audio_hash": "0e598c8403d2b4b263f35d72f3de87f063828bb12297b9b245597c9d2f06db03",
          "chapter": "reading-a-script",
          "downgrade_reason": null,
          "duration_ms": 13700,
          "duration_source": "measured",
          "id": "check",
          "source_hash": "cecee378feb6298e3d781b67e35ca34b02bcc788b041f1e55532bb9fef146498",
          "start_ms": 123120,
          "text": "teleprompt check parses and validates, and does nothing else. No synthesis, no network, no files written — so it costs nothing to run it on every keystroke, and plenty of editors will.",
          "voice_source": "synthetic",
          "voice_source_actual": "synthetic"
        },
        {
          "audio": "audio/diagnostics.wav",
          "audio_hash": "a15a969bf725f0ae3837b55b1dd114b1c85407982aa77c1c5f3a9fbbf6eaf9ec",
          "chapter": "reading-a-script",
          "downgrade_reason": null,
          "duration_ms": 18350,
          "duration_source": "measured",
          "id": "diagnostics",
          "source_hash": "b184776827cb654d17aff1c57226b3edb5aa671a6f82446c7293e68ba3b89010",
          "start_ms": 138460,
          "text": "When it does have something to say, it says where. A mistyped policy, a duration that is not a duration, a tape directive teleprompt cannot run: each is reported at the line that carries it, with the spelling it should have had.",
          "voice_source": "synthetic",
          "voice_source_actual": "synthetic"
        },
        {
          "audio": "audio/plan.wav",
          "audio_hash": "2cbd66f312889e17dd09eb4b9b50313f2bb01259e1e4bcb49a1658a311770bf9",
          "chapter": "compiling-the-timeline",
          "downgrade_reason": null,
          "duration_ms": 12100,
          "duration_source": "measured",
          "id": "plan",
          "source_hash": "dc7c09885d41077ae061dad52271894a0b1cf8003aca52dec3d9c87aaf410ac8",
          "start_ms": 157110,
          "text": "teleprompt plan compiles the script into a timeline and prints one line per beat: when it starts, which pacing policy governs it, and how long its narration runs.",
          "voice_source": "synthetic",
          "voice_source_actual": "synthetic"
        },
        {
          "audio": "audio/estimated-vs-measured.wav",
          "audio_hash": "d1be2a9ca2719f3e7753db86cc9e3429dd4688165990aa3a30796f55a35c3529",
          "chapter": "compiling-the-timeline",
          "downgrade_reason": null,
          "duration_ms": 17800,
          "duration_source": "measured",
          "id": "estimated-vs-measured",
          "source_hash": "6179a9d524bc38103ba4e1ae572cc937eddd2381edf7b2b2eaf88d637fbb3b19",
          "start_ms": 172520,
          "text": "Those durations come from the cache when a segment has been synthesized before, and from a word-count estimate when it has not. Plan never synthesizes anything, which is why it answers instantly on a laptop with no voice backend anywhere near it.",
          "voice_source": "synthetic",
          "voice_source_actual": "synthetic"
        },
        {
          "audio": "audio/exact-actions.wav",
          "audio_hash": "216c35e7b47a3ac3c8ee6e7ef97a5bd8cbb57e53f57be88aa5b854304be674c8",
          "chapter": "compiling-the-timeline",
          "downgrade_reason": null,
          "duration_ms": 19650,
          "duration_source": "measured",
          "id": "exact-actions",
          "source_hash": "0a50066637ace87d626f122477a82f77461b5a2ff9486e1e2dc56feb7eeb4e5d",
          "start_ms": 190320,
          "text": "An action block's duration is different: a tape states its own timing. Every sleep is written down and every keystroke has a speed, so teleprompt adds them up rather than guessing, and never has to run the terminal to find out how long the terminal takes.",
          "voice_source": "synthetic",
          "voice_source_actual": "synthetic"
        },
        {
          "audio": "audio/commit-the-timeline.wav",
          "audio_hash": "f1b881b9dc0b3955f0612a4fbb5bad1034a3b303e1d96df4ff56dd81f2753f3e",
          "chapter": "the-feedback-loop",
          "downgrade_reason": null,
          "duration_ms": 11250,
          "duration_source": "measured",
          "id": "commit-the-timeline",
          "source_hash": "017f3b4301ce31ebf2d45624825cc148f9c217ca1d365bd448f35e0e66c21908",
          "start_ms": 213740,
          "text": "Commit the timeline that plan produced, and teleprompt diff will compare the next compile against it. This is the loop the whole tool is built around.",
          "voice_source": "synthetic",
          "voice_source_actual": "synthetic"
        },
        {
          "audio": "audio/edit-the-prose.wav",
          "audio_hash": "bd44f417aa1224ab3efbf8d9cc97b0aa9fd4afe0c68f0bb0b933392326e014e8",
          "chapter": "the-feedback-loop",
          "downgrade_reason": null,
          "duration_ms": 11350,
          "duration_source": "measured",
          "id": "edit-the-prose",
          "source_hash": "b8225b2ea56236c4a97c8c520bc1f15ef5bb58cd59b4f70e69584f36c9a07364",
          "start_ms": 224990,
          "text": "Now edit a paragraph. Not the code, not the tape — the prose. A longer sentence takes longer to say, and everything scheduled after it moves.",
          "voice_source": "synthetic",
          "voice_source_actual": "synthetic"
        },
        {
          "audio": "audio/the-diff.wav",
          "audio_hash": "a1d22663d9a589ce802eca371097d9aa9a29155b9c68e4663825fc7f9536675f",
          "chapter": "the-feedback-loop",
          "downgrade_reason": null,
          "duration_ms": 22150,
          "duration_source": "measured",
          "id": "the-diff",
          "source_hash": "155bf8a6fa8538a195f947dc418d8c523a0ad88e90b66f3fbef761a28db397bd",
          "start_ms": 236640,
          "text": "And diff tells you exactly how much, before anything is rendered: which beats moved, by how long, and what the video now runs to end to end. That report is the review surface. It is what a pull request argues about instead of arguing about a video file nobody can read.",
          "voice_source": "synthetic",
          "voice_source_actual": "synthetic"
        },
        {
          "audio": "audio/dub.wav",
          "audio_hash": "9e16f66e25dd25d73133d40b1601e35a330676fa81e3a7b5326ef1ed8ef651bb",
          "chapter": "narration",
          "downgrade_reason": null,
          "duration_ms": 16250,
          "duration_source": "measured",
          "id": "dub",
          "source_hash": "c5ba8ef84fe0522e31e899df703928af1fa682134f40c221ca43e73281e1e94b",
          "start_ms": 262600,
          "text": "teleprompt dub is the command that actually speaks. It synthesizes every segment, writes the audio, and publishes a manifest: one entry per segment, with its prose, its offset, its length, and the voice that produced it.",
          "voice_source": "synthetic",
          "voice_source_actual": "synthetic"
        },
        {
          "audio": "audio/manifest.wav",
          "audio_hash": "e88bf4438acaf402e960532c4d8791bda4f97fc23e44be7694c0012f17fc1bba",
          "chapter": "narration",
          "downgrade_reason": null,
          "duration_ms": 20000,
          "duration_source": "measured",
          "id": "manifest",
          "source_hash": "7e8bcf3c65c5232ee03750905d100c83c068d25a43001ac591e3b930341eebb5",
          "start_ms": 280890,
          "text": "teleprompt renders no video. Something else owns the picture — Remotion, a web player, your own compositor — and it reads the manifest. Deriving its length from the manifest is what keeps the central property alive on the other side of that boundary: narration still drives the pacing.",
          "voice_source": "synthetic",
          "voice_source_actual": "synthetic"
        },
        {
          "audio": "audio/measured.wav",
          "audio_hash": "3ad0368269eaa4d52315afc0e852729436cd6a6388ab2a32a05b833adc90ae9d",
          "chapter": "narration",
          "downgrade_reason": null,
          "duration_ms": 12600,
          "duration_source": "measured",
          "id": "measured",
          "source_hash": "3489162f02032ebddb265205d4633c0a6badc003cb861cabac57bd538515634c",
          "start_ms": 304065,
          "text": "Having spoken the script once, teleprompt has also measured it. The same plan is still instant, and now every duration in it is a recording rather than an estimate.",
          "voice_source": "synthetic",
          "voice_source_actual": "synthetic"
        },
        {
          "audio": "audio/dub-check.wav",
          "audio_hash": "9fbfd82a85d1cd3148413423a137214aa5f013f95051c714d3bcd617542a0baa",
          "chapter": "keeping-a-pull-request-honest",
          "downgrade_reason": null,
          "duration_ms": 16300,
          "duration_source": "measured",
          "id": "dub-check",
          "source_hash": "604e43e0b775fecd6d9eb27692b7fcb7ba272409edf84969119226f0de2e9041",
          "start_ms": 316665,
          "text": "dub --check compares the committed manifest against the script and exits three when they disagree. Put that in continuous integration and a change to the prose can no longer be merged with last week's narration still attached to it.",
          "voice_source": "synthetic",
          "voice_source_actual": "synthetic"
        },
        {
          "audio": "audio/doctor.wav",
          "audio_hash": "83fa41c9e924e8d3218e28e34c7aac3f45904b1539b4af6c75a91a09e81782c7",
          "chapter": "when-something-is-wrong",
          "downgrade_reason": null,
          "duration_ms": 14650,
          "duration_source": "measured",
          "id": "doctor",
          "source_hash": "dcae1d3d596b2f99eb44f0bb2f3efb24a5e92c5c86145c986c6e911eb9565db7",
          "start_ms": 335355,
          "text": "teleprompt doctor reports the environment teleprompt can see: which scene adapters this build ships, which voice backends it knows, how warm the cache is, and whether the server your project points at is answering.",
          "voice_source": "synthetic",
          "voice_source_actual": "synthetic"
        },
        {
          "audio": "audio/offline-by-default.wav",
          "audio_hash": "ddf9944d89dd63ab080925ab7f61c5ca31e65ef15e80a1246ae8525bb59fa19d",
          "chapter": "when-something-is-wrong",
          "downgrade_reason": null,
          "duration_ms": 25750,
          "duration_source": "measured",
          "id": "offline-by-default",
          "source_hash": "c1ab97043b5c4045ad86d9a5db173846301ff7c271495263a02b2aef2111b39f",
          "start_ms": 353335,
          "text": "A voice backend that is down is a warning there, not a failure. check, plan, and diff never needed it; only dub does. That asymmetry is the point: the loop you run a hundred times a day stays offline and instant, and the one command that needs a machine to speak is the only one that asks for it.",
          "voice_source": "synthetic",
          "voice_source_actual": "synthetic"
        },
        {
          "audio": "audio/self-hosting.wav",
          "audio_hash": "20948c7351aafa1eb439f91888caa8307bf3ff9dfbf4beea2dfda3c299d99c4f",
          "chapter": "when-something-is-wrong",
          "downgrade_reason": null,
          "duration_ms": 23300,
          "duration_source": "measured",
          "id": "self-hosting",
          "source_hash": "8c320a9539bc31e47610d30514273c25c6ded8eb25377b25adadcc0fc75d9eba",
          "start_ms": 379085,
          "text": "This manual compiles in the repository that builds the tool, and CI compares it against its committed timeline on every change. When a command grows a flag, the sentence about it and the tape demonstrating it are in the same file, in version control, and the build says so when they fall out of step.",
          "voice_source": "synthetic",
          "voice_source_actual": "synthetic"
        }
      ],
      "locale": "en",
      "manifest_version": 2,
      "script": "cli.md",
      "shots": [
        {
          "adapter": "vhs",
          "capture_key": "cc98e507042e3a18b32e52923a40d32b59b2f18345f2b1fda3bd5e451435c484",
          "duration_ms": 2630,
          "duration_source": "exact",
          "line": "welcome",
          "policy": "hold",
          "scene": "terminal",
          "shot": "welcome-a#0",
          "shot_hash": "c590e04a8aa99440733a0ad195e0f6c4e281e62c2e82bd16a9880fd52fb83ad4",
          "start_ms": 20650,
          "transition": {
            "duration_ms": 600,
            "kind": "crossfade"
          }
        },
        {
          "adapter": "vhs",
          "capture_key": "e38b02cba478e0897fd6ac51e5e4960f4256dae5a3f84fd7aa15e25d5041e4c6",
          "duration_ms": 2365,
          "duration_source": "exact",
          "line": "prose-and-action",
          "policy": "concurrent",
          "scene": "terminal",
          "shot": "prose-and-action-a#0",
          "shot_hash": "f92e17fc935b44cceaedb00e6521d058837b6a9d5212c517a83c436d2de7e809",
          "start_ms": 22680,
          "transition": {
            "duration_ms": 300,
            "kind": "crossfade"
          }
        },
        {
          "adapter": "vhs",
          "capture_key": "12a9cf14e5785e03537d3d9c1a226d7894e296e87411edb5fc1b29bcf6f37444",
          "duration_ms": 5160,
          "duration_source": "exact",
          "line": "vhs",
          "policy": "hold",
          "scene": "terminal",
          "shot": "vhs-a#0",
          "shot_hash": "b63a9c7181bcd72e8366b281d96983c70eeabba30f645b20ee764f4cb7a4216f",
          "start_ms": 67130,
          "transition": {
            "duration_ms": 600,
            "kind": "crossfade"
          }
        },
        {
          "adapter": "vhs",
          "capture_key": "ac8ea3dd90a839d3fd41c8bc7fce613c871ca2ecc17975effa49b5781e9282cb",
          "duration_ms": 1620,
          "duration_source": "exact",
          "line": "the-mark",
          "policy": "concurrent",
          "scene": "terminal",
          "shot": "the-mark-a#0",
          "shot_hash": "52580d2de20767021e7a613bea91f859546e75c446e49d37addcab00dcf29606",
          "start_ms": 71690,
          "transition": {
            "duration_ms": 300,
            "kind": "crossfade"
          }
        },
        {
          "adapter": "vhs",
          "capture_key": "73e2737dd2b4ec3ccd616cb965cbe173d0ab3da1438eeb94358bfe7dffbd6106",
          "duration_ms": 1600,
          "duration_source": "exact",
          "line": "new",
          "policy": "hold",
          "scene": "terminal",
          "shot": "new-a#0",
          "shot_hash": "7d53e075d547893fad969c116a389ae873d279c85ffc38e806065970352c436d",
          "start_ms": 105640,
          "transition": {
            "duration_ms": 600,
            "kind": "crossfade"
          }
        },
        {
          "adapter": "vhs",
          "capture_key": "9188c12109e586d43e5b921fbcf99b6b33a0f0436687d6470bf623e916a2ed4d",
          "duration_ms": 1480,
          "duration_source": "exact",
          "line": null,
          "policy": "hold",
          "scene": "terminal",
          "shot": "new-a#1",
          "shot_hash": "5041686bca8a6833c8968945b67960860418fca9019a9ef1d40124a035d94c69",
          "start_ms": 106640,
          "transition": {
            "duration_ms": 0,
            "kind": "crossfade"
          }
        },
        {
          "adapter": "vhs",
          "capture_key": "25ff1b523c4a3fc3949315633fe65af8f335d2438a30ec2339a7d7d0ceeb8f01",
          "duration_ms": 2625,
          "duration_source": "exact",
          "line": "scaffold",
          "policy": "concurrent",
          "scene": "terminal",
          "shot": "scaffold-a#0",
          "shot_hash": "31177f0f13f9168d5b1e708e3dbdddb25d9b51f5ee4afe33829219c702c7fa05",
          "start_ms": 108120,
          "transition": {
            "duration_ms": 300,
            "kind": "crossfade"
          }
        },
        {
          "adapter": "vhs",
          "capture_key": "a3a4045cc026cb4f12eb859ae366baaba245f6f45953b6aa511b90529bed7b66",
          "duration_ms": 1940,
          "duration_source": "exact",
          "line": "check",
          "policy": "hold",
          "scene": "terminal",
          "shot": "check-a#0",
          "shot_hash": "8bc04e8ed57bdeff01469d1052f80257d7e6c772cd2c870ade8cf18230f3fe84",
          "start_ms": 136970,
          "transition": {
            "duration_ms": 600,
            "kind": "crossfade"
          }
        },
        {
          "adapter": "vhs",
          "capture_key": "d94e2a7b96ac8ec5bf02df65b3d54babe2643b71f32706c4dee0f7cc64123c05",
          "duration_ms": 18650,
          "duration_source": "exact",
          "line": "diagnostics",
          "policy": "stretch-action",
          "scene": "terminal",
          "shot": "diagnostics-a#0",
          "shot_hash": "9960eee1b439a5c8d2105b1d57749c24c0b185bb5ea4b78c63373ac03f7960f3",
          "start_ms": 138310,
          "transition": {
            "duration_ms": 0,
            "kind": "crossfade"
          }
        },
        {
          "adapter": "vhs",
          "capture_key": "21d83599fb13b91058135763ce0ece203060447d1d83cf8f3f64c80c16445eca",
          "duration_ms": 3610,
          "duration_source": "exact",
          "line": "plan",
          "policy": "hold",
          "scene": "terminal",
          "shot": "plan-a#0",
          "shot_hash": "98e78984d06ed1979aed4cabaeda03c3d37ec5be77bf664c97e5c7e36fc06b7e",
          "start_ms": 169360,
          "transition": {
            "duration_ms": 600,
            "kind": "crossfade"
          }
        },
        {
          "adapter": "vhs",
          "capture_key": "c8af8e535152ad40ad5d960d4c181294bb9ff3761ecaee32b4d29cd27eff42be",
          "duration_ms": 3650,
          "duration_source": "exact",
          "line": "estimated-vs-measured",
          "policy": "concurrent",
          "scene": "terminal",
          "shot": "estimated-vs-measured-a#0",
          "shot_hash": "9a7a1c63d5321f597b91df6bace8586f8c81e9c068ef6f43e127fe74836aad6c",
          "start_ms": 172370,
          "transition": {
            "duration_ms": 300,
            "kind": "crossfade"
          }
        },
        {
          "adapter": "vhs",
          "capture_key": "b4907b8480e6ff922f877c48e00513be52fcca7e70624b3955d34428199b7565",
          "duration_ms": 4070,
          "duration_source": "exact",
          "line": "exact-actions",
          "policy": "hold",
          "scene": "terminal",
          "shot": "exact-actions-a#0",
          "shot_hash": "9ac50a40998b79f78a5b85c3ea585e48756b4e53f347f1f94f39c08706281c21",
          "start_ms": 210120,
          "transition": {
            "duration_ms": 600,
            "kind": "crossfade"
          }
        },
        {
          "adapter": "vhs",
          "capture_key": "4c010d2e696188df591a6f7f59d02e7f5bc3fa2f9d5abc2827ca2882d157ea85",
          "duration_ms": 2625,
          "duration_source": "exact",
          "line": "commit-the-timeline",
          "policy": "concurrent",
          "scene": "terminal",
          "shot": "commit-the-timeline-a#0",
          "shot_hash": "6325dbe2fa3a82d66f96b32cc26f66a2495c9a35d03daaada8632998db0c5d12",
          "start_ms": 213590,
          "transition": {
            "duration_ms": 300,
            "kind": "crossfade"
          }
        },
        {
          "adapter": "vhs",
          "capture_key": "11c19eca948d9005a44beb28e4e937a28a2398ec4f54deb9353fff16f508d0a7",
          "duration_ms": 11650,
          "duration_source": "exact",
          "line": "edit-the-prose",
          "policy": "stretch-action",
          "scene": "terminal",
          "shot": "edit-the-prose-a#0",
          "shot_hash": "8b00e97f5b8fdeee36d3ae84ee42c3977599ef3c394c7b1fb0cc45674568dd62",
          "start_ms": 224840,
          "transition": {
            "duration_ms": 0,
            "kind": "crossfade"
          }
        },
        {
          "adapter": "vhs",
          "capture_key": "396c373b75e3b652ff164a7cecaf0dc8a32c9ce131a3d7809c6551ffee5a01e6",
          "duration_ms": 4110,
          "duration_source": "exact",
          "line": "the-diff",
          "policy": "hold",
          "scene": "terminal",
          "shot": "the-diff-a#0",
          "shot_hash": "f01cf6d28aa459a5eed1e15f3b3d23d886b5dff5dc52811bd6dc5c7520c9705d",
          "start_ms": 258940,
          "transition": {
            "duration_ms": 600,
            "kind": "crossfade"
          }
        },
        {
          "adapter": "vhs",
          "capture_key": "fd7c01cfb5e1fac405e1d18de13e450ad6d600083e33ffbf4eced7096f281cca",
          "duration_ms": 4770,
          "duration_source": "exact",
          "line": "dub",
          "policy": "concurrent",
          "scene": "terminal",
          "shot": "dub-a#0",
          "shot_hash": "6f6e47df7942bc323d65ede1e2798867fee93b6d95b1d2e184d6a257d4fbe052",
          "start_ms": 262450,
          "transition": {
            "duration_ms": 150,
            "kind": "crossfade"
          }
        },
        {
          "adapter": "vhs",
          "capture_key": "e60138053832cb9a28d290a5d833e8bd0ea2deb4f174414495bfc9e63693d165",
          "duration_ms": 1890,
          "duration_source": "exact",
          "line": null,
          "policy": "concurrent",
          "scene": "terminal",
          "shot": "dub-a#1",
          "shot_hash": "e2c37062e75bace482bf9c186575565e01940a68482d6af48931679ce9faeecc",
          "start_ms": 278850,
          "transition": {
            "duration_ms": 0,
            "kind": "crossfade"
          }
        },
        {
          "adapter": "vhs",
          "capture_key": "8572acf9c8ff390846971fd07a475bf1775daaa7ea372ec3f4725904664bbce5",
          "duration_ms": 3475,
          "duration_source": "exact",
          "line": "manifest",
          "policy": "hold",
          "scene": "terminal",
          "shot": "manifest-a#0",
          "shot_hash": "e5b2ded9e87f5dc2ad3f3c31348be93ce7d6e784bf75442b90e0ade7be7f2324",
          "start_ms": 301040,
          "transition": {
            "duration_ms": 600,
            "kind": "crossfade"
          }
        },
        {
          "adapter": "vhs",
          "capture_key": "f33d63f2988b66b8f7cc5233c8a02b8f3cccafe7e7be41b2acdada4572cf7a3a",
          "duration_ms": 3350,
          "duration_source": "exact",
          "line": "measured",
          "policy": "concurrent",
          "scene": "terminal",
          "shot": "measured-a#0",
          "shot_hash": "f6212eda87d51253dd63dc30fb35cfd39074f1301f6afbb6cbd5d731d2020392",
          "start_ms": 303915,
          "transition": {
            "duration_ms": 300,
            "kind": "crossfade"
          }
        },
        {
          "adapter": "vhs",
          "capture_key": "04a0208e4cd08650bfdba12da2856df4142896dc83454786ff93744221f202ab",
          "duration_ms": 4010,
          "duration_source": "exact",
          "line": "dub-check",
          "policy": "trim-action",
          "scene": "terminal",
          "shot": "dub-check-a#0",
          "shot_hash": "0a88697a4e773e9843f823fa7654388d632325fc859588af0422845e78baed90",
          "start_ms": 316515,
          "transition": {
            "duration_ms": 150,
            "kind": "crossfade"
          }
        },
        {
          "adapter": "vhs",
          "capture_key": "b4bfe148e585645886c7cf196d7cebe8100b9fde57a2fe5454c58cf775ba215d",
          "duration_ms": 1740,
          "duration_source": "exact",
          "line": null,
          "policy": "trim-action",
          "scene": "terminal",
          "shot": "dub-check-a#1",
          "shot_hash": "22f73a7b07e11a4b7a1d848207613dff8492e3e7dd79f7a6a327de83bd44192f",
          "start_ms": 332965,
          "transition": {
            "duration_ms": 0,
            "kind": "crossfade"
          }
        },
        {
          "adapter": "pause",
          "capture_key": "76a7936849405a972db0416bbe56ca0b117ddeea82e1dfe0ea78afc46c02e5e4",
          "duration_ms": 500,
          "duration_source": "exact",
          "line": null,
          "policy": "hold",
          "scene": "pause",
          "shot": "pause-21",
          "shot_hash": "76a7936849405a972db0416bbe56ca0b117ddeea82e1dfe0ea78afc46c02e5e4",
          "start_ms": 334705,
          "transition": {
            "duration_ms": 0,
            "kind": "crossfade"
          }
        },
        {
          "adapter": "vhs",
          "capture_key": "158ff4080b11b27778a28d81dd11c68d8a165eba89942c82baf9d4957dc0c515",
          "duration_ms": 3630,
          "duration_source": "exact",
          "line": "doctor",
          "policy": "hold",
          "scene": "terminal",
          "shot": "doctor-a#0",
          "shot_hash": "bfd66b4b5ac82854237d404b5479d6b12c582bc91cb378e92513f394f9c4f40d",
          "start_ms": 350155,
          "transition": {
            "duration_ms": 600,
            "kind": "crossfade"
          }
        },
        {
          "adapter": "vhs",
          "capture_key": "f91b82dec1b8641f17c0f714b550157f195f1ff6ec2af23f01529bee0f549a9b",
          "duration_ms": 3650,
          "duration_source": "exact",
          "line": "offline-by-default",
          "policy": "concurrent",
          "scene": "terminal",
          "shot": "offline-by-default-a#0",
          "shot_hash": "801922a400fc7791486b938d3ac9bb93b4008cc25f231ec6138f1ce37cb54c96",
          "start_ms": 353185,
          "transition": {
            "duration_ms": 300,
            "kind": "crossfade"
          }
        },
        {
          "adapter": "vhs",
          "capture_key": "0c62f39b0df3826834642e7596384aea8302a18bc5d85250bae3b243371cd884",
          "duration_ms": 3140,
          "duration_source": "exact",
          "line": "self-hosting",
          "policy": "concurrent",
          "scene": "terminal",
          "shot": "self-hosting-a#0",
          "shot_hash": "b2e4f69fedad7dbbba1307798c465eeb3e79c1567282a0d559448be1e4f6f9c0",
          "start_ms": 378935,
          "transition": {
            "duration_ms": 0,
            "kind": "crossfade"
          }
        }
      ]
    }
  }
}
