---
source: crates/teleprompt-cli/tests/golden.rs
expression: transcript(&out)
---
{
  "exit": 0,
  "stderr": [
    "warning: 8 of 8 narration durations are estimated; run `teleprompt dub` to measure them before committing this timeline"
  ],
  "stdout": {
    "duration_ms": 65150,
    "entries": [
      {
        "action": {
          "adapter": "slidev",
          "capture_key": "dcc6b50c657131892263c3e2eaa9dc680e7298d483a4827caccc6dec2d8b1abf",
          "duration_ms": 13850,
          "duration_source": "unknown",
          "scene": "slidev",
          "shot": "this-video-is-a#0",
          "shot_hash": "9cc9e00fe88431b22d1dae6f5c4dd58963cfd080c85a51ca09f3846a06f77627",
          "start_ms": 0
        },
        "duration_ms": 13850,
        "item": "this-video-is",
        "narration": {
          "audio_hash": "33063fff4eb93867a1228d480d4ed8095e725f1f567cc2eee0833f148ca3354c",
          "duration_ms": 13550,
          "duration_source": "estimated",
          "line": "this-video-is",
          "source_hash": "68253fa504747c21ac259895615e4df37e1a1cc6d8e1f78ed1c09a767fb29d6e",
          "start_ms": 150
        },
        "policy": "concurrent",
        "start_ms": 0,
        "transition": {
          "duration_ms": 0,
          "kind": "crossfade"
        }
      },
      {
        "action": {
          "adapter": "slidev",
          "capture_key": "2612c3d7639601a3b488aa8537f2acc158e9b9a97ee7ed144287d76db68a5c94",
          "duration_ms": 3850,
          "duration_source": "unknown",
          "scene": "slidev",
          "shot": "the-deck-does-a#0",
          "shot_hash": "91683a8348ea1d2705f6e957986b4508c3b63eaa2607333644789dc2ce00e1c4",
          "start_ms": 13850
        },
        "duration_ms": 3850,
        "item": "the-deck-does",
        "narration": {
          "audio_hash": "ace39f8f596347dd4feb8f7f600f695e92b541b4f03ba55c58dc4d8a552978b8",
          "duration_ms": 3550,
          "duration_source": "estimated",
          "line": "the-deck-does",
          "source_hash": "bf9d701a709574d6ced778ddb9ca14b4063d53da9b6173a26a7993736619c5b6",
          "start_ms": 14000
        },
        "policy": "concurrent",
        "start_ms": 13850,
        "transition": {
          "duration_ms": 0,
          "kind": "crossfade"
        }
      },
      {
        "action": {
          "adapter": "slidev",
          "capture_key": "2222149b57da35282133ff54ecbff95b9d1dc11d3a660547df8edcc2562a3b04",
          "duration_ms": 3850,
          "duration_source": "unknown",
          "scene": "slidev",
          "shot": "you-can-still-a#0",
          "shot_hash": "87687f3fd24cbcdb6bcc958268cdb6f08faed289cbe87dc4030b544bec18d08d",
          "start_ms": 17700
        },
        "duration_ms": 3850,
        "item": "you-can-still",
        "narration": {
          "audio_hash": "65f780a1cc23612ace3799a41e04f9a75d7a077ac2fadc3d962ed03300335c20",
          "duration_ms": 3550,
          "duration_source": "estimated",
          "line": "you-can-still",
          "source_hash": "ed72d0f7331865ffe07989472096aa5b3bbb332e123897f816fe57197bd21151",
          "start_ms": 17850
        },
        "policy": "concurrent",
        "start_ms": 17700,
        "transition": {
          "duration_ms": 0,
          "kind": "crossfade"
        }
      },
      {
        "action": {
          "adapter": "slidev",
          "capture_key": "bee8c8258b4cf7ba5472182cba117f3c4cb02b330757721d2ffcdcd75b538bf1",
          "duration_ms": 2650,
          "duration_source": "unknown",
          "scene": "slidev",
          "shot": "you-can-still-2-a#0",
          "shot_hash": "426c4b2501bfb43f187a75cb4bca8b11187ab6a20c8d346a2d9bff0b8a253ae5",
          "start_ms": 21550
        },
        "duration_ms": 2650,
        "item": "you-can-still-2",
        "narration": {
          "audio_hash": "75650c97e19caafec8784374c347a62d4a34b4b45d6bc3d291957f4e8e98dced",
          "duration_ms": 2350,
          "duration_source": "estimated",
          "line": "you-can-still-2",
          "source_hash": "148e2ca6bf445525e584d1fbfdd68fb1d5337c07059db1c36ed9c0c91d7d4482",
          "start_ms": 21700
        },
        "policy": "concurrent",
        "start_ms": 21550,
        "transition": {
          "duration_ms": 0,
          "kind": "crossfade"
        }
      },
      {
        "action": {
          "adapter": "slidev",
          "capture_key": "9ecb94c16e07c63574d4746e2f50d754e534681f69a853f4a0a0403be73192d7",
          "duration_ms": 6000,
          "duration_source": "unknown",
          "scene": "slidev",
          "shot": "teleprompt-only-names-a#0",
          "shot_hash": "481f24bec98eabd22a2810cef7b3def085adcc08dae1da75fd70374339ec7f44",
          "start_ms": 24200
        },
        "duration_ms": 6000,
        "item": "teleprompt-only-names",
        "narration": {
          "audio_hash": "7249468aa48e14b95679acc630eb39abb9c44c717a4b10fa49cc55f423fc1708",
          "duration_ms": 5700,
          "duration_source": "estimated",
          "line": "teleprompt-only-names",
          "source_hash": "7bc7ac767db30f8a67874d98e3723234040267b54e96ac528a664c40c7ae4d31",
          "start_ms": 24350
        },
        "policy": "concurrent",
        "start_ms": 24200,
        "transition": {
          "duration_ms": 0,
          "kind": "crossfade"
        }
      },
      {
        "action": {
          "adapter": "slidev",
          "capture_key": "8995018f114aadb8f4f000a16d4496403c0bd47b9bd108fbb42122470ace3469",
          "duration_ms": 13950,
          "duration_source": "unknown",
          "scene": "slidev",
          "shot": "a-block-names-a#0",
          "shot_hash": "e246f8a7896798c8c8b45b535d141591bdcfabd2943dc59a120b7a12a631523d",
          "start_ms": 30200
        },
        "duration_ms": 13950,
        "item": "a-block-names",
        "narration": {
          "audio_hash": "e15d309ae55c18965b555c1be4446f193f40272b9e7f3b4b47450a35a929268d",
          "duration_ms": 13650,
          "duration_source": "estimated",
          "line": "a-block-names",
          "source_hash": "26651848af004bc7fcbb9db8e1e36ef0db88f5c87b308f8d23aeac4e2e2ad61d",
          "start_ms": 30350
        },
        "policy": "concurrent",
        "start_ms": 30200,
        "transition": {
          "duration_ms": 0,
          "kind": "crossfade"
        }
      },
      {
        "action": {
          "adapter": "slidev",
          "capture_key": "0ef5da9b18d4c06912a918f158f50a6a52a75394276de5e40b41a5cf0fee2153",
          "duration_ms": 10750,
          "duration_source": "unknown",
          "scene": "slidev",
          "shot": "each-slide-stays-a#0",
          "shot_hash": "7b66b9b07882047d680f2ca73b73f031c42a0690e2865d07176006e3588de494",
          "start_ms": 44150
        },
        "duration_ms": 10750,
        "item": "each-slide-stays",
        "narration": {
          "audio_hash": "9139e800eb6b24b882c02fb68c994e63056a5ae2cab99494cc06fc89daadc19d",
          "duration_ms": 10450,
          "duration_source": "estimated",
          "line": "each-slide-stays",
          "source_hash": "66ec07d4585022cf0c54561128b67285fba56fb310dd75c2ab67308c1879c14b",
          "start_ms": 44300
        },
        "policy": "concurrent",
        "start_ms": 44150,
        "transition": {
          "duration_ms": 0,
          "kind": "crossfade"
        }
      },
      {
        "action": {
          "adapter": "slidev",
          "capture_key": "cbb6256f52013953956d914291e6700d6a5e8c89e61dfb59483485af10b69736",
          "duration_ms": 10250,
          "duration_source": "unknown",
          "scene": "slidev",
          "shot": "the-draft-is-a#0",
          "shot_hash": "7bef38282036d8c0696cff129e4bf634d05eaecffa40dcf85de85bbce254584b",
          "start_ms": 54900
        },
        "duration_ms": 10250,
        "item": "the-draft-is",
        "narration": {
          "audio_hash": "3b8606cca10840fd5443ce01abfc84c92afd80395713975438ec29157904ab0d",
          "duration_ms": 9950,
          "duration_source": "estimated",
          "line": "the-draft-is",
          "source_hash": "958db84cc1b59e2ae8dfaa6eae60f77407aab84615986abf5c3bc67aff259950",
          "start_ms": 55050
        },
        "policy": "concurrent",
        "start_ms": 54900,
        "transition": {
          "duration_ms": 0,
          "kind": "crossfade"
        }
      }
    ],
    "generated_by": "teleprompt 0.1.0",
    "locale": "en",
    "script": "slides.md",
    "version": 1
  }
}
