---
source: crates/teleprompt-cli/tests/golden.rs
expression: runs
---
{
  "from missing human": {
    "exit": 1,
    "stderr": [
      "error: cannot read proj/nothing.md: No such file or directory (os error 2)"
    ],
    "stdout": ""
  },
  "from missing json": {
    "exit": 1,
    "stderr": [
      "error: cannot read proj/nothing.md: No such file or directory (os error 2)"
    ],
    "stdout": ""
  },
  "new existing human": {
    "exit": 1,
    "stderr": [
      "error: proj already contains a teleprompt project"
    ],
    "stdout": ""
  },
  "new existing json": {
    "exit": 1,
    "stderr": [
      "error: proj already contains a teleprompt project"
    ],
    "stdout": ""
  }
}
