---
source: crates/teleprompt-cli/tests/golden.rs
expression: transcript(&out)
---
{
  "exit": 0,
  "stderr": [
    "warning: 21 of 21 narration durations are estimated; run `teleprompt dub` to measure them before committing this timeline"
  ],
  "stdout": {
    "duration_ms": 407340,
    "entries": [
      {
        "action": {
          "capture_key": "af43a32d61784a5be4100b6843c22c330313bb39251d6e7c59af1f4d15e27db7",
          "duration_ms": 2630,
          "duration_source": "exact",
          "plugin": "vhs",
          "scene": "vhs",
          "shot": "welcome-a#0",
          "shot_hash": "c590e04a8aa99440733a0ad195e0f6c4e281e62c2e82bd16a9880fd52fb83ad4",
          "start_ms": 20450
        },
        "duration_ms": 23080,
        "item": "welcome",
        "narration": {
          "audio_hash": "12a229ee560a90712b2f0dcd03124adffcf1cbd4740f603557e3f76d16ae96e0",
          "duration_ms": 20150,
          "duration_source": "estimated",
          "line": "welcome",
          "source_hash": "a0848c759fe7485f98ba1ca83cb24dcb823293917c7fc261224bb155d3ee9b58",
          "start_ms": 150
        },
        "policy": "hold",
        "start_ms": 0,
        "transition": {
          "duration_ms": 600,
          "kind": "crossfade"
        }
      },
      {
        "action": {
          "capture_key": "15d6b8937fa1abb50db11f080ec6d1a8a1d7eb58149ae270e5f5fb96db703897",
          "duration_ms": 2365,
          "duration_source": "exact",
          "plugin": "vhs",
          "scene": "vhs",
          "shot": "prose-and-action-a#0",
          "shot_hash": "f92e17fc935b44cceaedb00e6521d058837b6a9d5212c517a83c436d2de7e809",
          "start_ms": 22480
        },
        "duration_ms": 19000,
        "item": "prose-and-action",
        "narration": {
          "audio_hash": "73549134c270554de6849ba0f5c74ba9c8485aaaa81fa8f518f3e4dd01404d54",
          "duration_ms": 18700,
          "duration_source": "estimated",
          "line": "prose-and-action",
          "source_hash": "8c0fae6521383a3cbaa5be7cabe673ff9b66033ee817571cd13fcda6d555ed5e",
          "start_ms": 22630
        },
        "policy": "concurrent",
        "start_ms": 22480,
        "transition": {
          "duration_ms": 300,
          "kind": "crossfade"
        }
      },
      {
        "action": {
          "capture_key": "1e0bc677515b85c51846dc9db24d279463a5b0a92f48c6bb6d46cbe017324f5a",
          "duration_ms": 5160,
          "duration_source": "exact",
          "plugin": "vhs",
          "scene": "vhs",
          "shot": "vhs-a#0",
          "shot_hash": "b63a9c7181bcd72e8366b281d96983c70eeabba30f645b20ee764f4cb7a4216f",
          "start_ms": 66930
        },
        "duration_ms": 30910,
        "item": "vhs",
        "narration": {
          "audio_hash": "1f693c526092764361949bb145556c7ae42ecb2b87da58628be229ca3e83b5a9",
          "duration_ms": 25450,
          "duration_source": "estimated",
          "line": "vhs",
          "source_hash": "835be9fff588bed3e4bcdd1495c7626059916626887a2489da1c80ee6782ac37",
          "start_ms": 41330
        },
        "policy": "hold",
        "start_ms": 41180,
        "transition": {
          "duration_ms": 600,
          "kind": "crossfade"
        }
      },
      {
        "action": {
          "capture_key": "d3dc3d87b6903dc21824a21260059becb3d08c9aa8a59f4cbcde9fb53be86070",
          "duration_ms": 1620,
          "duration_source": "exact",
          "plugin": "vhs",
          "scene": "vhs",
          "shot": "the-mark-a#0",
          "shot_hash": "52580d2de20767021e7a613bea91f859546e75c446e49d37addcab00dcf29606",
          "start_ms": 71490
        },
        "duration_ms": 24200,
        "item": "the-mark",
        "narration": {
          "audio_hash": "71e98134ca1ee0d32b1e15dc8874d95b1ae6d5dc1dc8cc80f0e15e192d11a1c3",
          "duration_ms": 23900,
          "duration_source": "estimated",
          "line": "the-mark",
          "source_hash": "62d97baff554b41fc4b6d8b2a9b80a96a21e514a9ba01f7f70221086fc71c5b2",
          "start_ms": 71640
        },
        "policy": "concurrent",
        "start_ms": 71490,
        "transition": {
          "duration_ms": 300,
          "kind": "crossfade"
        }
      },
      {
        "action": {
          "capture_key": "f365b949d43a24958bf54dd59c1e9106fad361e03287fd5ac0fb125dad8c312e",
          "duration_ms": 1600,
          "duration_source": "exact",
          "plugin": "vhs",
          "scene": "vhs",
          "shot": "new-a#0",
          "shot_hash": "7d53e075d547893fad969c116a389ae873d279c85ffc38e806065970352c436d",
          "start_ms": 105790
        },
        "duration_ms": 12000,
        "item": "new",
        "narration": {
          "audio_hash": "fa855c9c0f89a61dcdfa25a2fe93cdc0c7c50761b6ca0f07f63f354ec1129010",
          "duration_ms": 10100,
          "duration_source": "estimated",
          "line": "new",
          "source_hash": "fba819b836ef36d72d10e33839c7379cd2538411516635009c74cf26bba1f11c",
          "start_ms": 95540
        },
        "policy": "hold",
        "start_ms": 95390,
        "transition": {
          "duration_ms": 600,
          "kind": "crossfade"
        }
      },
      {
        "action": {
          "capture_key": "a2bfb70e7f48dd2590b50fcecd6d17050d7442d6d51f99444d23d524016dabc4",
          "duration_ms": 1480,
          "duration_source": "exact",
          "plugin": "vhs",
          "scene": "vhs",
          "shot": "new-a#1",
          "shot_hash": "5041686bca8a6833c8968945b67960860418fca9019a9ef1d40124a035d94c69",
          "start_ms": 106790
        },
        "duration_ms": 1480,
        "item": "new-a#1",
        "policy": "hold",
        "start_ms": 106790,
        "transition": {
          "duration_ms": 0,
          "kind": "crossfade"
        }
      },
      {
        "action": {
          "capture_key": "15385a6c12088294629300ddf3433d3f8255cbf768c5e7f28c3b4874126071b6",
          "duration_ms": 2625,
          "duration_source": "exact",
          "plugin": "vhs",
          "scene": "vhs",
          "shot": "scaffold-a#0",
          "shot_hash": "31177f0f13f9168d5b1e708e3dbdddb25d9b51f5ee4afe33829219c702c7fa05",
          "start_ms": 108270
        },
        "duration_ms": 15150,
        "item": "scaffold",
        "narration": {
          "audio_hash": "0b2878f34e36a0a4e098e54fa01f3b01f5ca141feede53d7093bcdbfa20739ab",
          "duration_ms": 14850,
          "duration_source": "estimated",
          "line": "scaffold",
          "source_hash": "05547812693038698000d3652eb6525178395cd45653652f540a891ffefe23bb",
          "start_ms": 108420
        },
        "policy": "concurrent",
        "start_ms": 108270,
        "transition": {
          "duration_ms": 300,
          "kind": "crossfade"
        }
      },
      {
        "action": {
          "capture_key": "2810e2afab20bdd25db831d75e38ec9b8fb1de518cb0f239e5e59e6f0207fd34",
          "duration_ms": 1940,
          "duration_source": "exact",
          "plugin": "vhs",
          "scene": "vhs",
          "shot": "check-a#0",
          "shot_hash": "8bc04e8ed57bdeff01469d1052f80257d7e6c772cd2c870ade8cf18230f3fe84",
          "start_ms": 137120
        },
        "duration_ms": 15940,
        "item": "check",
        "narration": {
          "audio_hash": "3c934ad4c7ea39f0734b27d698a7d6dd925ab1bdbfcd9f04f2885e8abc78cfd0",
          "duration_ms": 13700,
          "duration_source": "estimated",
          "line": "check",
          "source_hash": "cecee378feb6298e3d781b67e35ca34b02bcc788b041f1e55532bb9fef146498",
          "start_ms": 123270
        },
        "policy": "hold",
        "start_ms": 123120,
        "transition": {
          "duration_ms": 600,
          "kind": "crossfade"
        }
      },
      {
        "action": {
          "capture_key": "7ff2187c0abd518c6181e63c234da703e976dbfde957cca87b1cd1d07b765138",
          "duration_ms": 19550,
          "duration_source": "exact",
          "plugin": "vhs",
          "scene": "vhs",
          "shot": "diagnostics-a#0",
          "shot_hash": "f9f28d47c6d3be915b4b28fa40b61b85d7352df61d43ad22e68e313c5d03c620",
          "start_ms": 138460
        },
        "duration_ms": 19550,
        "item": "diagnostics",
        "narration": {
          "audio_hash": "d3066b56f5bee38f9ed1daa003f9cd22fad1ce3792cf0418ba20426acdfddcab",
          "duration_ms": 19250,
          "duration_source": "estimated",
          "line": "diagnostics",
          "source_hash": "5e081cc0a9254468e68b5a494c133551e83d54f7a52d44deace87b097162dee7",
          "start_ms": 138610
        },
        "policy": "fit-action",
        "start_ms": 138460,
        "transition": {
          "duration_ms": 0,
          "kind": "crossfade"
        }
      },
      {
        "action": {
          "capture_key": "e447a2105ca2dfcc437befd9020eb7eeeb6d5c443e98c36d3076275bf9a8bfc1",
          "duration_ms": 3610,
          "duration_source": "exact",
          "plugin": "vhs",
          "scene": "vhs",
          "shot": "plan-a#0",
          "shot_hash": "98e78984d06ed1979aed4cabaeda03c3d37ec5be77bf664c97e5c7e36fc06b7e",
          "start_ms": 170410
        },
        "duration_ms": 16010,
        "item": "plan",
        "narration": {
          "audio_hash": "ed46a299a1d9d027a3d505ca2b4c5be7b3e4e718d7db877acc416fad8f75b498",
          "duration_ms": 12100,
          "duration_source": "estimated",
          "line": "plan",
          "source_hash": "dc7c09885d41077ae061dad52271894a0b1cf8003aca52dec3d9c87aaf410ac8",
          "start_ms": 158160
        },
        "policy": "hold",
        "start_ms": 158010,
        "transition": {
          "duration_ms": 600,
          "kind": "crossfade"
        }
      },
      {
        "action": {
          "capture_key": "976a6356798108aefc7e3ed903df8b770e8b587b4aaa07f9447570fd9e35bfb4",
          "duration_ms": 3650,
          "duration_source": "exact",
          "plugin": "vhs",
          "scene": "vhs",
          "shot": "estimated-vs-measured-a#0",
          "shot_hash": "9a7a1c63d5321f597b91df6bace8586f8c81e9c068ef6f43e127fe74836aad6c",
          "start_ms": 173420
        },
        "duration_ms": 18100,
        "item": "estimated-vs-measured",
        "narration": {
          "audio_hash": "86c2ee56b828f87ea4785a08983eca023f86072d5e3fcc7fc093efc4f7462b85",
          "duration_ms": 17800,
          "duration_source": "estimated",
          "line": "estimated-vs-measured",
          "source_hash": "6179a9d524bc38103ba4e1ae572cc937eddd2381edf7b2b2eaf88d637fbb3b19",
          "start_ms": 173570
        },
        "policy": "concurrent",
        "start_ms": 173420,
        "transition": {
          "duration_ms": 300,
          "kind": "crossfade"
        }
      },
      {
        "action": {
          "capture_key": "85ac3616c39484e7dfcca7b264a93ebc1d79712190518a7bb3e6e294d1db303f",
          "duration_ms": 4070,
          "duration_source": "exact",
          "plugin": "vhs",
          "scene": "vhs",
          "shot": "exact-actions-a#0",
          "shot_hash": "9ac50a40998b79f78a5b85c3ea585e48756b4e53f347f1f94f39c08706281c21",
          "start_ms": 211370
        },
        "duration_ms": 24220,
        "item": "exact-actions",
        "narration": {
          "audio_hash": "2fd2a1ee81e61c01339457ecf8a7f04ea476c012315eb41fab93a4fa50a2f5c7",
          "duration_ms": 19850,
          "duration_source": "estimated",
          "line": "exact-actions",
          "source_hash": "c8a3f602c8a5415279a4197abbb68cad6647e396ba3a8de87eef6f7fca4f2385",
          "start_ms": 191370
        },
        "policy": "hold",
        "start_ms": 191220,
        "transition": {
          "duration_ms": 600,
          "kind": "crossfade"
        }
      },
      {
        "action": {
          "capture_key": "60a7750c600ef5ff5ff0f609b1293bcd28f53fc791be682162ef4e2ea5bff3d0",
          "duration_ms": 2625,
          "duration_source": "exact",
          "plugin": "vhs",
          "scene": "vhs",
          "shot": "commit-the-timeline-a#0",
          "shot_hash": "6325dbe2fa3a82d66f96b32cc26f66a2495c9a35d03daaada8632998db0c5d12",
          "start_ms": 214840
        },
        "duration_ms": 11950,
        "item": "commit-the-timeline",
        "narration": {
          "audio_hash": "9b51ce12e7a7b5fbcc0d0d646557bb28e189b5d95e0b52a1305894afcecd31c9",
          "duration_ms": 11650,
          "duration_source": "estimated",
          "line": "commit-the-timeline",
          "source_hash": "a735c6c3e6238117c29630cb3f7fc3b5f38ddc8cf8ca4e59c0be935909cd02be",
          "start_ms": 214990
        },
        "policy": "concurrent",
        "start_ms": 214840,
        "transition": {
          "duration_ms": 300,
          "kind": "crossfade"
        }
      },
      {
        "action": {
          "capture_key": "ea7ac2e13de44a5d88467cb4bb308acda81344d4543a4dc0d6609bc88c973029",
          "duration_ms": 11650,
          "duration_source": "exact",
          "plugin": "vhs",
          "scene": "vhs",
          "shot": "edit-the-prose-a#0",
          "shot_hash": "14a2294c6efadf9c64d5d956750a783526d754495d0c4544b474f6e56ee74249",
          "start_ms": 226490
        },
        "duration_ms": 11650,
        "item": "edit-the-prose",
        "narration": {
          "audio_hash": "1dc571a52501da3e2c4b8d2149d518771627ac2175b47bf8e7ab927dedb4a54f",
          "duration_ms": 11350,
          "duration_source": "estimated",
          "line": "edit-the-prose",
          "source_hash": "b8225b2ea56236c4a97c8c520bc1f15ef5bb58cd59b4f70e69584f36c9a07364",
          "start_ms": 226640
        },
        "policy": "fit-action",
        "start_ms": 226490,
        "transition": {
          "duration_ms": 0,
          "kind": "crossfade"
        }
      },
      {
        "action": {
          "capture_key": "c1bfc0f65b77f42ce8e7430458557e6d93d5e5debc3932808fbd39b455793862",
          "duration_ms": 4350,
          "duration_source": "exact",
          "plugin": "vhs",
          "scene": "vhs",
          "shot": "the-diff-a#0",
          "shot_hash": "559634b706aa54bea8ed12b57485e4745c85f7ee806567416f044196e21bdf89",
          "start_ms": 260990
        },
        "duration_ms": 27200,
        "item": "the-diff",
        "narration": {
          "audio_hash": "1b13b3843a1c1c9dd143be55366b92145883c4c8ec78657b68f1bee5da469907",
          "duration_ms": 22550,
          "duration_source": "estimated",
          "line": "the-diff",
          "source_hash": "cca37a3ccfc061e2444d9b4b70adbea39321847bab48dcd2a78d3ee8a7fc51d7",
          "start_ms": 238290
        },
        "policy": "hold",
        "start_ms": 238140,
        "transition": {
          "duration_ms": 600,
          "kind": "crossfade"
        }
      },
      {
        "action": {
          "capture_key": "089d1762714a0abd87912299b67439a468eca077b50129e4fe7358013fbd83ce",
          "duration_ms": 4770,
          "duration_source": "exact",
          "plugin": "vhs",
          "scene": "vhs",
          "shot": "dub-a#0",
          "shot_hash": "6f6e47df7942bc323d65ede1e2798867fee93b6d95b1d2e184d6a257d4fbe052",
          "start_ms": 264740
        },
        "duration_ms": 16550,
        "item": "dub",
        "narration": {
          "audio_hash": "c2c328f282d5587e3dd2e214ceaae14793683b24fbf0b143e37b826531ebfc5e",
          "duration_ms": 16250,
          "duration_source": "estimated",
          "line": "dub",
          "source_hash": "c5ba8ef84fe0522e31e899df703928af1fa682134f40c221ca43e73281e1e94b",
          "start_ms": 264890
        },
        "policy": "concurrent",
        "start_ms": 264740,
        "transition": {
          "duration_ms": 150,
          "kind": "crossfade"
        }
      },
      {
        "action": {
          "capture_key": "43f81e252731e0879da84d4e05a8f1e8d444980aa4c7952e469093712572f126",
          "duration_ms": 1890,
          "duration_source": "exact",
          "plugin": "vhs",
          "scene": "vhs",
          "shot": "dub-a#1",
          "shot_hash": "e2c37062e75bace482bf9c186575565e01940a68482d6af48931679ce9faeecc",
          "start_ms": 281140
        },
        "duration_ms": 1890,
        "item": "dub-a#1",
        "policy": "concurrent",
        "start_ms": 281140,
        "transition": {
          "duration_ms": 0,
          "kind": "crossfade"
        }
      },
      {
        "action": {
          "capture_key": "ddbc756403040188d6fa0622f19b76c05b6be106fb674febe5e1e73d23fb150d",
          "duration_ms": 3475,
          "duration_source": "exact",
          "plugin": "vhs",
          "scene": "vhs",
          "shot": "manifest-a#0",
          "shot_hash": "e5b2ded9e87f5dc2ad3f3c31348be93ce7d6e784bf75442b90e0ade7be7f2324",
          "start_ms": 303330
        },
        "duration_ms": 23775,
        "item": "manifest",
        "narration": {
          "audio_hash": "803a5b1439b2862bd86a669149eac859f6476452a266d66ea6e728e7a8eb281a",
          "duration_ms": 20000,
          "duration_source": "estimated",
          "line": "manifest",
          "source_hash": "7e8bcf3c65c5232ee03750905d100c83c068d25a43001ac591e3b930341eebb5",
          "start_ms": 283180
        },
        "policy": "hold",
        "start_ms": 283030,
        "transition": {
          "duration_ms": 600,
          "kind": "crossfade"
        }
      },
      {
        "action": {
          "capture_key": "5291d02e7946c8af6a1a3440b3f253d1c4dfa20ae8e30f0188b0ad2d2bff165b",
          "duration_ms": 3350,
          "duration_source": "exact",
          "plugin": "vhs",
          "scene": "vhs",
          "shot": "measured-a#0",
          "shot_hash": "f6212eda87d51253dd63dc30fb35cfd39074f1301f6afbb6cbd5d731d2020392",
          "start_ms": 306205
        },
        "duration_ms": 12900,
        "item": "measured",
        "narration": {
          "audio_hash": "c783cff1d4eba25f08f11fca75cbaca4be88b13c10bd5e6d4085ea2580249632",
          "duration_ms": 12600,
          "duration_source": "estimated",
          "line": "measured",
          "source_hash": "3489162f02032ebddb265205d4633c0a6badc003cb861cabac57bd538515634c",
          "start_ms": 306355
        },
        "policy": "concurrent",
        "start_ms": 306205,
        "transition": {
          "duration_ms": 300,
          "kind": "crossfade"
        }
      },
      {
        "action": {
          "capture_key": "ff95fbdd3a82a783931b66028226de2788450853c1e90e56e0690d27636afca8",
          "duration_ms": 4010,
          "duration_source": "exact",
          "plugin": "vhs",
          "scene": "vhs",
          "shot": "dub-check-a#0",
          "shot_hash": "0a88697a4e773e9843f823fa7654388d632325fc859588af0422845e78baed90",
          "start_ms": 318805
        },
        "duration_ms": 17950,
        "item": "dub-check",
        "narration": {
          "audio_hash": "8bd1234438c5b09f78ee9295a7d5e819eedafb9126166f9666e254eec3b649ff",
          "duration_ms": 17650,
          "duration_source": "estimated",
          "line": "dub-check",
          "source_hash": "bd130b21980d717415a38f7fd057d059cc9cd0f86bbf873d23cb593739d685bd",
          "start_ms": 318955
        },
        "policy": "trim-action",
        "start_ms": 318805,
        "transition": {
          "duration_ms": 150,
          "kind": "crossfade"
        }
      },
      {
        "action": {
          "capture_key": "53f707172e57e0d3eb0df200046d0a00e9aa0155fbe3d02696988b05e73a6b68",
          "duration_ms": 1740,
          "duration_source": "exact",
          "plugin": "vhs",
          "scene": "vhs",
          "shot": "dub-check-a#1",
          "shot_hash": "22f73a7b07e11a4b7a1d848207613dff8492e3e7dd79f7a6a327de83bd44192f",
          "start_ms": 336605
        },
        "duration_ms": 1740,
        "item": "dub-check-a#1",
        "policy": "trim-action",
        "start_ms": 336605,
        "transition": {
          "duration_ms": 0,
          "kind": "crossfade"
        }
      },
      {
        "action": {
          "capture_key": "76a7936849405a972db0416bbe56ca0b117ddeea82e1dfe0ea78afc46c02e5e4",
          "duration_ms": 500,
          "duration_source": "exact",
          "plugin": "pause",
          "scene": "pause",
          "shot": "pause-21",
          "shot_hash": "76a7936849405a972db0416bbe56ca0b117ddeea82e1dfe0ea78afc46c02e5e4",
          "start_ms": 338345
        },
        "duration_ms": 500,
        "item": "pause-21",
        "policy": "hold",
        "start_ms": 338345,
        "transition": {
          "duration_ms": 0,
          "kind": "crossfade"
        }
      },
      {
        "action": {
          "capture_key": "9c18cc511b0cbe03845472a41fbb86f8adb59ab758f21afda45291964e2840ae",
          "duration_ms": 3595,
          "duration_source": "exact",
          "plugin": "vhs",
          "scene": "vhs",
          "shot": "what-is-here-a#0",
          "shot_hash": "13c1efb691dd1ad3dcb04938947f9f82300e881281bccc57980d1e5ccb84f186",
          "start_ms": 356095
        },
        "duration_ms": 20845,
        "item": "what-is-here",
        "narration": {
          "audio_hash": "80707c1a8f14c1b58288cf14b0b2a8f0562d390fb298deb2f6ef336d83b3ec9b",
          "duration_ms": 16950,
          "duration_source": "estimated",
          "line": "what-is-here",
          "source_hash": "34e03d47a022720048b43a06073bacb496ed31818a1022138ac6bf18bd258680",
          "start_ms": 338995
        },
        "policy": "hold",
        "start_ms": 338845,
        "transition": {
          "duration_ms": 600,
          "kind": "crossfade"
        }
      },
      {
        "action": {
          "capture_key": "d4b77bf738748dc9d42d6df0f7b0361d60b99d32bd4b90d4107cf51ecd16ea39",
          "duration_ms": 3590,
          "duration_source": "exact",
          "plugin": "vhs",
          "scene": "vhs",
          "shot": "offline-by-default-a#0",
          "shot_hash": "21dfae6ad82f5a23985c1ccd0379eff577494ec38e662880a6eef45078321369",
          "start_ms": 359090
        },
        "duration_ms": 25150,
        "item": "offline-by-default",
        "narration": {
          "audio_hash": "b2509a6703d07f8f6ef05f73c8ac699b77d079c710a22d3306dfe660d35d7c7f",
          "duration_ms": 24850,
          "duration_source": "estimated",
          "line": "offline-by-default",
          "source_hash": "8ffe7fc17fa9268fd67f10a7b69c39a5d302d75b6cb2298e88dac65aa5a195e8",
          "start_ms": 359240
        },
        "policy": "concurrent",
        "start_ms": 359090,
        "transition": {
          "duration_ms": 300,
          "kind": "crossfade"
        }
      },
      {
        "action": {
          "capture_key": "0eca0bc05bab47dd57cb5fa7e499e1e7d97f23525a9ccfa3f506917fd7bb7fa0",
          "duration_ms": 3380,
          "duration_source": "exact",
          "plugin": "vhs",
          "scene": "vhs",
          "shot": "self-hosting-a#0",
          "shot_hash": "9256d09541691eea6c26cc5cdcc8b8ce044b176a8c67bb4287383cbd5630d322",
          "start_ms": 383940
        },
        "duration_ms": 23400,
        "item": "self-hosting",
        "narration": {
          "audio_hash": "9e4aca1e022bbbd587081d3b6386f06b9739a689393c365208e938dd304225ed",
          "duration_ms": 23100,
          "duration_source": "estimated",
          "line": "self-hosting",
          "source_hash": "26027be536bb6c3505ad3f77753f2599fa5c349b93eaf64ff65d0c5b1335d2ab",
          "start_ms": 384090
        },
        "policy": "concurrent",
        "start_ms": 383940,
        "transition": {
          "duration_ms": 0,
          "kind": "crossfade"
        }
      }
    ],
    "generated_by": "teleprompt 0.1.0",
    "locale": "en",
    "script": "cli.md",
    "version": 1
  }
}
