---
source: crates/teleprompt-cli/tests/golden.rs
expression: transcript(&out)
---
{
  "exit": 0,
  "stderr": [
    "warning: 3 of 3 narration durations are estimated; run `teleprompt dub` to measure them before committing this timeline"
  ],
  "stdout": {
    "duration_ms": 39000,
    "entries": [
      {
        "action": {
          "adapter": "asciinema",
          "capture_key": "26241bfd94e78022584f5b63bdd5d3b6b4bba4a8864d02ea9a10ad73c6d09152",
          "duration_ms": 11600,
          "duration_source": "exact",
          "scene": "asciinema",
          "shot": "check-a#0",
          "shot_hash": "527123862782999a55e379d0566d8b7a0eefe7d9b47b3e3a8a3dfe02b62f84b7",
          "start_ms": 0
        },
        "duration_ms": 11600,
        "item": "check",
        "narration": {
          "audio_hash": "3c8179a92788949e8d2057f070636191b0133fe2e0cb0ca06de852e555bf6052",
          "duration_ms": 11300,
          "duration_source": "estimated",
          "line": "check",
          "source_hash": "f384193045eb23f735799667d0fcf54ff3b7c5694539465ffb8527f8ee7eb86a",
          "start_ms": 150
        },
        "policy": "fit-action",
        "start_ms": 0,
        "transition": {
          "duration_ms": 0,
          "kind": "crossfade"
        }
      },
      {
        "action": {
          "adapter": "asciinema",
          "capture_key": "bbaab44be584d5497f72a1e03829aaabdb50ac4a67e915018b1c18cda2c4bf06",
          "duration_ms": 13950,
          "duration_source": "exact",
          "scene": "asciinema",
          "shot": "plan-a#0",
          "shot_hash": "972d9e83fa0807fda1a7882f1391f87f1185910575e0f50a1c16f8f9c25edf73",
          "start_ms": 11600
        },
        "duration_ms": 13950,
        "item": "plan",
        "narration": {
          "audio_hash": "5d32babb86b69bef65fd4bfc86e8e3ee388b18270ebf4c0a0eefebf1dbf1eeaa",
          "duration_ms": 13650,
          "duration_source": "estimated",
          "line": "plan",
          "source_hash": "b3671f54fa42578c09b68aeec59373a59f3ee2f33eeac5030626893b5ed9f46b",
          "start_ms": 11750
        },
        "policy": "fit-action",
        "start_ms": 11600,
        "transition": {
          "duration_ms": 0,
          "kind": "crossfade"
        }
      },
      {
        "action": {
          "adapter": "asciinema",
          "capture_key": "1ac8b8a7af1803626b40cebcf4baecf497699019800bcadeb4004833447b058d",
          "duration_ms": 13450,
          "duration_source": "exact",
          "scene": "asciinema",
          "shot": "setup-a#0",
          "shot_hash": "b23038cd30cac4220d51f01d536887adcc057bedc89e8c72f69fc1d23b819e0c",
          "start_ms": 25550
        },
        "duration_ms": 13450,
        "item": "setup",
        "narration": {
          "audio_hash": "98a7826a0ff39edfb265bd71c612003cf4eda30555c673580a61c47339e259b8",
          "duration_ms": 13150,
          "duration_source": "estimated",
          "line": "setup",
          "source_hash": "3e35d146404d7269297b265cd3c153b45818a1e2e811e90a8856966a510aadce",
          "start_ms": 25700
        },
        "policy": "fit-action",
        "start_ms": 25550,
        "transition": {
          "duration_ms": 0,
          "kind": "crossfade"
        }
      }
    ],
    "generated_by": "teleprompt 0.1.0",
    "locale": "en",
    "script": "recording.md",
    "version": 1
  }
}
