---
source: crates/teleprompt-schedule/tests/schedule.rs
expression: t
---
{
  "version": 1,
  "script": "script.md",
  "locale": "nl",
  "duration_ms": 1800,
  "generated_by": "teleprompt 0.1.0",
  "entries": [
    {
      "item": "welcome",
      "start_ms": 0,
      "duration_ms": 1800,
      "policy": "hold",
      "narration": {
        "line": "welcome",
        "source_hash": "a8eaf176930c892f301a3df3b70b9e8f63db8e832912f5a784c3f11a596a9a86",
        "audio_hash": "a8eaf176930c892f301a3df3b70b9e8f63db8e832912f5a784c3f11a596a9a86",
        "start_ms": 150,
        "duration_ms": 1000,
        "duration_source": "measured",
        "voice_source": "synthetic",
        "voice_source_actual": "synthetic"
      },
      "action": {
        "shot": "welcome",
        "scene": "mock",
        "adapter": "mock",
        "shot_hash": "a8eaf176930c892f301a3df3b70b9e8f63db8e832912f5a784c3f11a596a9a86",
        "capture_key": "a8eaf176930c892f301a3df3b70b9e8f63db8e832912f5a784c3f11a596a9a86",
        "start_ms": 1300,
        "duration_ms": 500,
        "duration_source": "exact"
      },
      "transition": {
        "kind": "crossfade",
        "duration_ms": 0
      }
    }
  ]
}
